Component: Arm Compiler for Embedded 6.19 Tool: armlink [5e73cb00]

==============================================================================

Section Cross References

    startup_stm32f103x6.o(STACK) refers (Special) to heapauxi.o(.text) for __use_two_region_memory
    startup_stm32f103x6.o(HEAP) refers (Special) to heapauxi.o(.text) for __use_two_region_memory
    startup_stm32f103x6.o(RESET) refers (Special) to heapauxi.o(.text) for __use_two_region_memory
    startup_stm32f103x6.o(RESET) refers to startup_stm32f103x6.o(STACK) for __initial_sp
    startup_stm32f103x6.o(RESET) refers to startup_stm32f103x6.o(.text) for Reset_Handler
    startup_stm32f103x6.o(RESET) refers to stm32f1xx_it.o(.text.NMI_Handler) for NMI_Handler
    startup_stm32f103x6.o(RESET) refers to stm32f1xx_it.o(.text.HardFault_Handler) for HardFault_Handler
    startup_stm32f103x6.o(RESET) refers to stm32f1xx_it.o(.text.MemManage_Handler) for MemManage_Handler
    startup_stm32f103x6.o(RESET) refers to stm32f1xx_it.o(.text.BusFault_Handler) for BusFault_Handler
    startup_stm32f103x6.o(RESET) refers to stm32f1xx_it.o(.text.UsageFault_Handler) for UsageFault_Handler
    startup_stm32f103x6.o(RESET) refers to stm32f1xx_it.o(.text.SVC_Handler) for SVC_Handler
    startup_stm32f103x6.o(RESET) refers to stm32f1xx_it.o(.text.DebugMon_Handler) for DebugMon_Handler
    startup_stm32f103x6.o(RESET) refers to stm32f1xx_it.o(.text.PendSV_Handler) for PendSV_Handler
    startup_stm32f103x6.o(RESET) refers to stm32f1xx_it.o(.text.SysTick_Handler) for SysTick_Handler
    startup_stm32f103x6.o(.text) refers (Special) to heapauxi.o(.text) for __use_two_region_memory
    startup_stm32f103x6.o(.text) refers to system_stm32f1xx.o(.text.SystemInit) for SystemInit
    startup_stm32f103x6.o(.text) refers to __main.o(!!!main) for __main
    startup_stm32f103x6.o(.text) refers to startup_stm32f103x6.o(HEAP) for Heap_Mem
    startup_stm32f103x6.o(.text) refers to startup_stm32f103x6.o(STACK) for Stack_Mem
    main.o(.text.main) refers to stm32f1xx_hal.o(.text.HAL_Init) for HAL_Init
    main.o(.text.main) refers to main.o(.text.SystemClock_Config) for SystemClock_Config
    main.o(.text.main) refers to main.o(.text.MX_GPIO_Init) for MX_GPIO_Init
    main.o(.text.main) refers to main.o(.text.MX_ADC1_Init) for MX_ADC1_Init
    main.o(.text.main) refers to main.o(.text.MX_USART1_UART_Init) for MX_USART1_UART_Init
    main.o(.text.main) refers to main.o(.bss.hadc1) for hadc1
    main.o(.text.main) refers to stm32f1xx_hal_adc.o(.text.HAL_ADC_Start) for HAL_ADC_Start
    main.o(.text.main) refers to stm32f1xx_hal_adc.o(.text.HAL_ADC_PollForConversion) for HAL_ADC_PollForConversion
    main.o(.text.main) refers to stm32f1xx_hal_adc.o(.text.HAL_ADC_GetValue) for HAL_ADC_GetValue
    main.o(.text.main) refers to fflt_clz.o(x$fpl$ffltu) for __aeabi_ui2f
    main.o(.text.main) refers to fmul.o(x$fpl$fmul) for __aeabi_fmul
    main.o(.text.main) refers to fdiv.o(x$fpl$fdiv) for __aeabi_fdiv
    main.o(.text.main) refers to f2d.o(x$fpl$f2d) for __aeabi_f2d
    main.o(.text.main) refers to main.o(.rodata.str1.1) for .L.str
    main.o(.text.main) refers to sprintf.o(.text) for sprintf
    main.o(.text.main) refers to strlen.o(.text) for strlen
    main.o(.text.main) refers to main.o(.bss.huart1) for huart1
    main.o(.text.main) refers to stm32f1xx_hal_uart.o(.text.HAL_UART_Transmit) for HAL_UART_Transmit
    main.o(.text.main) refers to fcmp.o(x$fpl$fcmp) for __aeabi_fcmplt
    main.o(.text.main) refers to stm32f1xx_hal.o(.text.HAL_Delay) for HAL_Delay
    main.o(.ARM.exidx.text.main) refers to main.o(.text.main) for [Anonymous Symbol]
    main.o(.text.SystemClock_Config) refers to rt_memclr_w.o(.text) for __aeabi_memclr4
    main.o(.text.SystemClock_Config) refers to stm32f1xx_hal_rcc.o(.text.HAL_RCC_OscConfig) for HAL_RCC_OscConfig
    main.o(.text.SystemClock_Config) refers to main.o(.text.Error_Handler) for Error_Handler
    main.o(.text.SystemClock_Config) refers to stm32f1xx_hal_rcc.o(.text.HAL_RCC_ClockConfig) for HAL_RCC_ClockConfig
    main.o(.text.SystemClock_Config) refers to stm32f1xx_hal_rcc_ex.o(.text.HAL_RCCEx_PeriphCLKConfig) for HAL_RCCEx_PeriphCLKConfig
    main.o(.ARM.exidx.text.SystemClock_Config) refers to main.o(.text.SystemClock_Config) for [Anonymous Symbol]
    main.o(.text.MX_GPIO_Init) refers to stm32f1xx_hal_gpio.o(.text.HAL_GPIO_Init) for HAL_GPIO_Init
    main.o(.ARM.exidx.text.MX_GPIO_Init) refers to main.o(.text.MX_GPIO_Init) for [Anonymous Symbol]
    main.o(.text.MX_ADC1_Init) refers to main.o(.bss.hadc1) for hadc1
    main.o(.text.MX_ADC1_Init) refers to stm32f1xx_hal_adc.o(.text.HAL_ADC_Init) for HAL_ADC_Init
    main.o(.text.MX_ADC1_Init) refers to main.o(.text.Error_Handler) for Error_Handler
    main.o(.text.MX_ADC1_Init) refers to stm32f1xx_hal_adc.o(.text.HAL_ADC_ConfigChannel) for HAL_ADC_ConfigChannel
    main.o(.ARM.exidx.text.MX_ADC1_Init) refers to main.o(.text.MX_ADC1_Init) for [Anonymous Symbol]
[...]
    .ARM.Collect$$_printf_percent$$0000000C  0x080001a6   Section        6  _printf_x.o(.ARM.Collect$$_printf_percent$$0000000C)
    .ARM.Collect$$_printf_percent$$0000000D  0x080001ac   Section        6  _printf_lli.o(.ARM.Collect$$_printf_percent$$0000000D)
    .ARM.Collect$$_printf_percent$$0000000E  0x080001b2   Section        6  _printf_lld.o(.ARM.Collect$$_printf_percent$$0000000E)
    .ARM.Collect$$_printf_percent$$0000000F  0x080001b8   Section        6  _printf_llu.o(.ARM.Collect$$_printf_percent$$0000000F)
    .ARM.Collect$$_printf_percent$$00000010  0x080001be   Section        6  _printf_llo.o(.ARM.Collect$$_printf_percent$$00000010)
    .ARM.Collect$$_printf_percent$$00000011  0x080001c4   Section        6  _printf_llx.o(.ARM.Collect$$_printf_percent$$00000011)
    .ARM.Collect$$_printf_percent$$00000012  0x080001ca   Section       10  _printf_l.o(.ARM.Collect$$_printf_percent$$00000012)
    .ARM.Collect$$_printf_percent$$00000013  0x080001d4   Section        6  _printf_c.o(.ARM.Collect$$_printf_percent$$00000013)
    .ARM.Collect$$_printf_percent$$00000014  0x080001da   Section        6  _printf_s.o(.ARM.Collect$$_printf_percent$$00000014)
    .ARM.Collect$$_printf_percent$$00000015  0x080001e0   Section        6  _printf_lc.o(.ARM.Collect$$_printf_percent$$00000015)
    .ARM.Collect$$_printf_percent$$00000016  0x080001e6   Section        6  _printf_ls.o(.ARM.Collect$$_printf_percent$$00000016)
    .ARM.Collect$$_printf_percent$$00000017  0x080001ec   Section        4  _printf_percent_end.o(.ARM.Collect$$_printf_percent$$00000017)
    .ARM.Collect$$libinit$$00000000          0x080001f0   Section        2  libinit.o(.ARM.Collect$$libinit$$00000000)
    .ARM.Collect$$libinit$$00000002          0x080001f2   Section        0  libinit2.o(.ARM.Collect$$libinit$$00000002)
    .ARM.Collect$$libinit$$00000004          0x080001f2   Section        0  libinit2.o(.ARM.Collect$$libinit$$00000004)
    .ARM.Collect$$libinit$$00000006          0x080001f2   Section        0  libinit2.o(.ARM.Collect$$libinit$$00000006)
    .ARM.Collect$$libinit$$0000000C          0x080001f2   Section        0  libinit2.o(.ARM.Collect$$libinit$$0000000C)
    .ARM.Collect$$libinit$$0000000E          0x080001f2   Section        0  libinit2.o(.ARM.Collect$$libinit$$0000000E)
    .ARM.Collect$$libinit$$00000010          0x080001f2   Section        0  libinit2.o(.ARM.Collect$$libinit$$00000010)
    .ARM.Collect$$libinit$$00000011          0x080001f2   Section        6  libinit2.o(.ARM.Collect$$libinit$$00000011)
    .ARM.Collect$$libinit$$00000013          0x080001f8   Section        0  libinit2.o(.ARM.Collect$$libinit$$00000013)
    .ARM.Collect$$libinit$$00000014          0x080001f8   Section       12  libinit2.o(.ARM.Collect$$libinit$$00000014)
    .ARM.Collect$$libinit$$00000015          0x08000204   Section        0  libinit2.o(.ARM.Collect$$libinit$$00000015)
    .ARM.Collect$$libinit$$00000017          0x08000204   Section        0  libinit2.o(.ARM.Collect$$libinit$$00000017)
    .ARM.Collect$$libinit$$00000018          0x08000204   Section       10  libinit2.o(.ARM.Collect$$libinit$$00000018)
    .ARM.Collect$$libinit$$00000019          0x0800020e   Section        0  libinit2.o(.ARM.Collect$$libinit$$00000019)
    .ARM.Collect$$libinit$$0000001B          0x0800020e   Section        0  libinit2.o(.ARM.Collect$$libinit$$0000001B)
    .ARM.Collect$$libinit$$0000001D          0x0800020e   Section        0  libinit2.o(.ARM.Collect$$libinit$$0000001D)
    .ARM.Collect$$libinit$$0000001F          0x0800020e   Section        0  libinit2.o(.ARM.Collect$$libinit$$0000001F)
    .ARM.Collect$$libinit$$00000021          0x0800020e   Section        0  libinit2.o(.ARM.Collect$$libinit$$00000021)
    .ARM.Collect$$libinit$$00000023          0x0800020e   Section        0  libinit2.o(.ARM.Collect$$libinit$$00000023)
    .ARM.Collect$$libinit$$00000025          0x0800020e   Section        0  libinit2.o(.ARM.Collect$$libinit$$00000025)
    .ARM.Collect$$libinit$$00000027          0x0800020e   Section        0  libinit2.o(.ARM.Collect$$libinit$$00000027)
    .ARM.Collect$$libinit$$0000002E          0x0800020e   Section        0  libinit2.o(.ARM.Collect$$libinit$$0000002E)
    .ARM.Collect$$libinit$$00000030          0x0800020e   Section        0  libinit2.o(.ARM.Collect$$libinit$$00000030)
    .ARM.Collect$$libinit$$00000032          0x0800020e   Section        0  libinit2.o(.ARM.Collect$$libinit$$00000032)
    .ARM.Collect$$libinit$$00000034          0x0800020e   Section        0  libinit2.o(.ARM.Collect$$libinit$$00000034)
    .ARM.Collect$$libinit$$00000035          0x0800020e   Section        2  libinit2.o(.ARM.Collect$$libinit$$00000035)
    .ARM.Collect$$libshutdown$$00000000      0x08000210   Section        2  libshutdown.o(.ARM.Collect$$libshutdown$$00000000)
    .ARM.Collect$$libshutdown$$00000002      0x08000212   Section        0  libshutdown2.o(.ARM.Collect$$libshutdown$$00000002)
    .ARM.Collect$$libshutdown$$00000004      0x08000212   Section        0  libshutdown2.o(.ARM.Collect$$libshutdown$$00000004)
    .ARM.Collect$$libshutdown$$00000007      0x08000212   Section        0  libshutdown2.o(.ARM.Collect$$libshutdown$$00000007)
    .ARM.Collect$$libshutdown$$0000000A      0x08000212   Section        0  libshutdown2.o(.ARM.Collect$$libshutdown$$0000000A)
    .ARM.Collect$$libshutdown$$0000000C      0x08000212   Section        0  libshutdown2.o(.ARM.Collect$$libshutdown$$0000000C)
    .ARM.Collect$$libshutdown$$0000000F      0x08000212   Section        0  libshutdown2.o(.ARM.Collect$$libshutdown$$0000000F)
    .ARM.Collect$$libshutdown$$00000010      0x08000212   Section        2  libshutdown2.o(.ARM.Collect$$libshutdown$$00000010)
    .ARM.Collect$$rtentry$$00000000          0x08000214   Section        0  __rtentry.o(.ARM.Collect$$rtentry$$00000000)
    .ARM.Collect$$rtentry$$00000002          0x08000214   Section        0  __rtentry2.o(.ARM.Collect$$rtentry$$00000002)
    .ARM.Collect$$rtentry$$00000004          0x08000214   Section        6  __rtentry4.o(.ARM.Collect$$rtentry$$00000004)
    .ARM.Collect$$rtentry$$00000009          0x0800021a   Section        0  __rtentry2.o(.ARM.Collect$$rtentry$$00000009)
    .ARM.Collect$$rtentry$$0000000A          0x0800021a   Section        4  __rtentry2.o(.ARM.Collect$$rtentry$$0000000A)
    .ARM.Collect$$rtentry$$0000000C          0x0800021e   Section        0  __rtentry2.o(.ARM.Collect$$rtentry$$0000000C)
    .ARM.Collect$$rtentry$$0000000D          0x0800021e   Section        8  __rtentry2.o(.ARM.Collect$$rtentry$$0000000D)
    .ARM.Collect$$rtexit$$00000000           0x08000226   Section        2  rtexit.o(.ARM.Collect$$rtexit$$00000000)
    .ARM.Collect$$rtexit$$00000002           0x08000228   Section        0  rtexit2.o(.ARM.Collect$$rtexit$$00000002)
    .ARM.Collect$$rtexit$$00000003           0x08000228   Section        4  rtexit2.o(.ARM.Collect$$rtexit$$00000003)
    .ARM.Collect$$rtexit$$00000004           0x0800022c   Section        6  rtexit2.o(.ARM.Collect$$rtexit$$00000004)
    .text                                    0x08000234   Section       64  startup_stm32f103x6.o(.text)
    .text                                    0x08000274   Section        0  sprintf.o(.text)
    .text                                    0x080002a0   Section        0  strlen.o(.text)
    .text                                    0x080002de   Section       78  rt_memclr_w.o(.text)
    .text                                    0x0800032c   Section        0  heapauxi.o(.text)
    .text                                    0x08000332   Section        0  _printf_pad.o(.text)
    .text                                    0x08000380   Section        0  _printf_truncate.o(.text)
    .text                                    0x080003a4   Section        0  _printf_str.o(.text)
    .text                                    0x080003f8   Section        0  _printf_dec.o(.text)
    .text                                    0x08000470   Section        0  _printf_charcount.o(.text)
    _printf_input_char                       0x08000499   Thumb Code    10  _printf_char_common.o(.text)
    .text                                    0x08000498   Section        0  _printf_char_common.o(.text)
    .text                                    0x080004c8   Section        0  _sputc.o(.text)
    .text                                    0x080004d4   Section        0  _printf_wctomb.o(.text)
    .text                                    0x08000590   Section        0  _printf_longlong_dec.o(.text)
    _printf_longlong_oct_internal            0x0800060d   Thumb Code     0  _printf_oct_int_ll.o(.text)
    .text                                    0x0800060c   Section        0  _printf_oct_int_ll.o(.text)
    _printf_hex_common                       0x0800067d   Thumb Code     0  _printf_hex_int_ll_ptr.o(.text)
    .text                                    0x0800067c   Section        0  _printf_hex_int_ll_ptr.o(.text)
    .text                                    0x08000710   Section        0  __printf_flags_ss_wp.o(.text)
    .text                                    0x08000898   Section      138  lludiv10.o(.text)
    .text                                    0x08000922   Section        0  _printf_intcommon.o(.text)
    _fp_digits                               0x080009d5   Thumb Code   432  _printf_fp_dec.o(.text)
    .text                                    0x080009d4   Section        0  _printf_fp_dec.o(.text)
    .text                                    0x08000df0   Section        0  _printf_fp_hex.o(.text)
    .text                                    0x080010ec   Section        0  _printf_char.o(.text)
    .text                                    0x08001118   Section        0  _printf_wchar.o(.text)
    .text                                    0x08001144   Section        0  _c16rtomb.o(.text)
    .text                                    0x0800118c   Section       74  sys_stackheap_outer.o(.text)
    .text                                    0x080011d8   Section       16  rt_ctype_table.o(.text)
    .text                                    0x080011e8   Section        8  rt_locale_intlibspace.o(.text)
    .text                                    0x080011f0   Section        0  _printf_fp_infnan.o(.text)
    .text                                    0x08001270   Section        0  bigflt0.o(.text)
    .text                                    0x08001354   Section        0  exit.o(.text)
    .text                                    0x08001368   Section        8  libspace.o(.text)
    .text                                    0x08001370   Section      128  strcmpv7m.o(.text)
    .text                                    0x080013f0   Section        0  sys_exit.o(.text)
    .text                                    0x080013fc   Section        2  use_no_semi.o(.text)
    .text                                    0x080013fe   Section        0  indicate_semi.o(.text)
    [Anonymous Symbol]                       0x08001400   Section        0  stm32f1xx_hal_adc.o(.text.ADC_ConversionStop_Disable)
    [Anonymous Symbol]                       0x08001484   Section        0  stm32f1xx_hal_adc.o(.text.ADC_Enable)
    [Anonymous Symbol]                       0x08001540   Section        0  stm32f1xx_it.o(.text.BusFault_Handler)
    [Anonymous Symbol]                       0x08001544   Section        0  stm32f1xx_it.o(.text.DebugMon_Handler)
    [Anonymous Symbol]                       0x08001548   Section        0  main.o(.text.Error_Handler)
    [Anonymous Symbol]                       0x08001558   Section        0  stm32f1xx_hal_adc.o(.text.HAL_ADC_ConfigChannel)
    [Anonymous Symbol]                       0x0800170c   Section        0  stm32f1xx_hal_adc.o(.text.HAL_ADC_GetValue)
    [Anonymous Symbol]                       0x0800171c   Section        0  stm32f1xx_hal_adc.o(.text.HAL_ADC_Init)
    [Anonymous Symbol]                       0x08001930   Section        0  stm32f1xx_hal_msp.o(.text.HAL_ADC_MspInit)
    [Anonymous Symbol]                       0x080019ac   Section        0  stm32f1xx_hal_adc.o(.text.HAL_ADC_PollForConversion)
    [Anonymous Symbol]                       0x08001c30   Section        0  stm32f1xx_hal_adc.o(.text.HAL_ADC_Start)
    [Anonymous Symbol]                       0x08001de8   Section        0  stm32f1xx_hal.o(.text.HAL_Delay)
    [Anonymous Symbol]                       0x08001e2c   Section        0  stm32f1xx_hal_gpio.o(.text.HAL_GPIO_Init)
    [Anonymous Symbol]                       0x08002130   Section        0  stm32f1xx_hal.o(.text.HAL_GetTick)
    [Anonymous Symbol]                       0x0800213c   Section        0  stm32f1xx_hal.o(.text.HAL_IncTick)
    [Anonymous Symbol]                       0x08002158   Section        0  stm32f1xx_hal.o(.text.HAL_Init)
    [Anonymous Symbol]                       0x08002180   Section        0  stm32f1xx_hal.o(.text.HAL_InitTick)
    [Anonymous Symbol]                       0x080021f0   Section        0  stm32f1xx_hal_msp.o(.text.HAL_MspInit)
    [Anonymous Symbol]                       0x08002234   Section        0  stm32f1xx_hal_cortex.o(.text.HAL_NVIC_SetPriority)
    [Anonymous Symbol]                       0x08002268   Section        0  stm32f1xx_hal_cortex.o(.text.HAL_NVIC_SetPriorityGrouping)
    [Anonymous Symbol]                       0x08002278   Section        0  stm32f1xx_hal_rcc_ex.o(.text.HAL_RCCEx_GetPeriphCLKFreq)
    [Anonymous Symbol]                       0x08002438   Section        0  stm32f1xx_hal_rcc_ex.o(.text.HAL_RCCEx_PeriphCLKConfig)
    [Anonymous Symbol]                       0x08002600   Section        0  stm32f1xx_hal_rcc.o(.text.HAL_RCC_ClockConfig)
    [Anonymous Symbol]                       0x08002858   Section        0  stm32f1xx_hal_rcc.o(.text.HAL_RCC_GetHCLKFreq)
    [Anonymous Symbol]                       0x08002864   Section        0  stm32f1xx_hal_rcc.o(.text.HAL_RCC_GetPCLK1Freq)
    [Anonymous Symbol]                       0x08002888   Section        0  stm32f1xx_hal_rcc.o(.text.HAL_RCC_GetPCLK2Freq)
    [Anonymous Symbol]                       0x080028ac   Section        0  stm32f1xx_hal_rcc.o(.text.HAL_RCC_GetSysClockFreq)
    [Anonymous Symbol]                       0x08002990   Section        0  stm32f1xx_hal_rcc.o(.text.HAL_RCC_OscConfig)
    [Anonymous Symbol]                       0x0800300c   Section        0  stm32f1xx_hal_cortex.o(.text.HAL_SYSTICK_Config)
    [Anonymous Symbol]                       0x0800301c   Section        0  stm32f1xx_hal_uart.o(.text.HAL_UART_Init)
    [Anonymous Symbol]                       0x080030b8   Section        0  stm32f1xx_hal_msp.o(.text.HAL_UART_MspInit)
    [Anonymous Symbol]                       0x08003150   Section        0  stm32f1xx_hal_uart.o(.text.HAL_UART_Transmit)
    [Anonymous Symbol]                       0x080032a0   Section        0  stm32f1xx_it.o(.text.HardFault_Handler)
    MX_ADC1_Init                             0x080032a5   Thumb Code   102  main.o(.text.MX_ADC1_Init)
    [Anonymous Symbol]                       0x080032a4   Section        0  main.o(.text.MX_ADC1_Init)
    MX_GPIO_Init                             0x0800330d   Thumb Code    74  main.o(.text.MX_GPIO_Init)
    [Anonymous Symbol]                       0x0800330c   Section        0  main.o(.text.MX_GPIO_Init)
    MX_USART1_UART_Init                      0x08003359   Thumb Code    64  main.o(.text.MX_USART1_UART_Init)
    [Anonymous Symbol]                       0x08003358   Section        0  main.o(.text.MX_USART1_UART_Init)
    [Anonymous Symbol]                       0x08003398   Section        0  stm32f1xx_it.o(.text.MemManage_Handler)
    [Anonymous Symbol]                       0x0800339c   Section        0  stm32f1xx_it.o(.text.NMI_Handler)
    NVIC_EncodePriority                      0x080033a1   Thumb Code   108  stm32f1xx_hal_cortex.o(.text.NVIC_EncodePriority)
    [Anonymous Symbol]                       0x080033a0   Section        0  stm32f1xx_hal_cortex.o(.text.NVIC_EncodePriority)
    [Anonymous Symbol]                       0x0800340c   Section        0  stm32f1xx_it.o(.text.PendSV_Handler)
    RCC_Delay                                0x08003411   Thumb Code    58  stm32f1xx_hal_rcc.o(.text.RCC_Delay)
    [Anonymous Symbol]                       0x08003410   Section        0  stm32f1xx_hal_rcc.o(.text.RCC_Delay)
    [Anonymous Symbol]                       0x0800344c   Section        0  stm32f1xx_it.o(.text.SVC_Handler)
    SysTick_Config                           0x08003451   Thumb Code    82  stm32f1xx_hal_cortex.o(.text.SysTick_Config)
    [Anonymous Symbol]                       0x08003450   Section        0  stm32f1xx_hal_cortex.o(.text.SysTick_Config)
    [Anonymous Symbol]                       0x080034a4   Section        0  stm32f1xx_it.o(.text.SysTick_Handler)
    [Anonymous Symbol]                       0x080034ac   Section        0  main.o(.text.SystemClock_Config)
    [Anonymous Symbol]                       0x08003528   Section        0  system_stm32f1xx.o(.text.SystemInit)
    UART_SetConfig                           0x0800352d   Thumb Code   186  stm32f1xx_hal_uart.o(.text.UART_SetConfig)
    [Anonymous Symbol]                       0x0800352c   Section        0  stm32f1xx_hal_uart.o(.text.UART_SetConfig)
    UART_WaitOnFlagUntilTimeout              0x080035e9   Thumb Code   156  stm32f1xx_hal_uart.o(.text.UART_WaitOnFlagUntilTimeout)
    [Anonymous Symbol]                       0x080035e8   Section        0  stm32f1xx_hal_uart.o(.text.UART_WaitOnFlagUntilTimeout)
    [Anonymous Symbol]                       0x08003684   Section        0  stm32f1xx_it.o(.text.UsageFault_Handler)
    __NVIC_GetPriorityGrouping               0x08003689   Thumb Code    16  stm32f1xx_hal_cortex.o(.text.__NVIC_GetPriorityGrouping)
    [Anonymous Symbol]                       0x08003688   Section        0  stm32f1xx_hal_cortex.o(.text.__NVIC_GetPriorityGrouping)
    __NVIC_SetPriority                       0x08003699   Thumb Code    66  stm32f1xx_hal_cortex.o(.text.__NVIC_SetPriority)
    [Anonymous Symbol]                       0x08003698   Section        0  stm32f1xx_hal_cortex.o(.text.__NVIC_SetPriority)
    __NVIC_SetPriorityGrouping               0x080036dd   Thumb Code    60  stm32f1xx_hal_cortex.o(.text.__NVIC_SetPriorityGrouping)
    [Anonymous Symbol]                       0x080036dc   Section        0  stm32f1xx_hal_cortex.o(.text.__NVIC_SetPriorityGrouping)
    [Anonymous Symbol]                       0x08003718   Section        0  main.o(.text.main)
    CL$$btod_d2e                             0x08003802   Section       62  btod.o(CL$$btod_d2e)
    CL$$btod_d2e_denorm_low                  0x08003840   Section       70  btod.o(CL$$btod_d2e_denorm_low)
    CL$$btod_d2e_norm_op1                    0x08003886   Section       96  btod.o(CL$$btod_d2e_norm_op1)
    CL$$btod_div_common                      0x080038e8   Section      824  btod.o(CL$$btod_div_common)
    CL$$btod_e2e                             0x08003c20   Section      220  btod.o(CL$$btod_e2e)
    CL$$btod_ediv                            0x08003cfc   Section       42  btod.o(CL$$btod_ediv)
    CL$$btod_emul                            0x08003d26   Section       42  btod.o(CL$$btod_emul)
    CL$$btod_mult_common                     0x08003d50   Section      580  btod.o(CL$$btod_mult_common)
    i.__ARM_fpclassify                       0x08003f94   Section        0  fpclassify.o(i.__ARM_fpclassify)
    i._is_digit                              0x08003fbc   Section        0  __printf_wp.o(i._is_digit)
    locale$$code                             0x08003fcc   Section       44  lc_numeric_c.o(locale$$code)
    locale$$code                             0x08003ff8   Section       44  lc_ctype_c.o(locale$$code)
    x$fpl$dretinf                            0x08004024   Section       12  dretinf.o(x$fpl$dretinf)
    x$fpl$f2d                                0x08004030   Section       86  f2d.o(x$fpl$f2d)
    x$fpl$fcmp                               0x08004086   Section       84  fcmp.o(x$fpl$fcmp)
    x$fpl$fcmpinf                            0x080040da   Section       24  fcmpi.o(x$fpl$fcmpinf)
    _fdiv1                                   0x080040f5   Thumb Code     0  fdiv.o(x$fpl$fdiv)
    x$fpl$fdiv                               0x080040f4   Section      388  fdiv.o(x$fpl$fdiv)
    x$fpl$feqf                               0x08004278   Section      104  feqf.o(x$fpl$feqf)
    x$fpl$ffltu                              0x080042e0   Section       38  fflt_clz.o(x$fpl$ffltu)
    x$fpl$fgeqf                              0x08004308   Section      104  fgeqf.o(x$fpl$fgeqf)
    x$fpl$fleqf                              0x08004370   Section      104  fleqf.o(x$fpl$fleqf)
    x$fpl$fmul                               0x080043d8   Section      258  fmul.o(x$fpl$fmul)
    x$fpl$fnaninf                            0x080044da   Section      140  fnaninf.o(x$fpl$fnaninf)
    x$fpl$fretinf                            0x08004566   Section       10  fretinf.o(x$fpl$fretinf)
    x$fpl$printf1                            0x08004570   Section        4  printf1.o(x$fpl$printf1)
    x$fpl$printf2                            0x08004574   Section        4  printf2.o(x$fpl$printf2)
    initial_mbstate                          0x08004578   Data           8  _printf_wctomb.o(.constdata)
    .constdata                               0x08004578   Section        8  _printf_wctomb.o(.constdata)
    x$fpl$usenofp                            0x08004578   Section        0  usenofp.o(x$fpl$usenofp)
    uc_hextab                                0x08004580   Data          20  _printf_hex_int_ll_ptr.o(.constdata)
    .constdata                               0x08004580   Section       40  _printf_hex_int_ll_ptr.o(.constdata)
    lc_hextab                                0x08004594   Data          20  _printf_hex_int_ll_ptr.o(.constdata)
    maptable                                 0x080045a8   Data          17  __printf_flags_ss_wp.o(.constdata)
    .constdata                               0x080045a8   Section       17  __printf_flags_ss_wp.o(.constdata)
    lc_hextab                                0x080045b9   Data          19  _printf_fp_hex.o(.constdata)
    .constdata                               0x080045b9   Section       38  _printf_fp_hex.o(.constdata)
    uc_hextab                                0x080045cc   Data          19  _printf_fp_hex.o(.constdata)
    tenpwrs_x                                0x080045e0   Data          60  bigflt0.o(.constdata)
    .constdata                               0x080045e0   Section      148  bigflt0.o(.constdata)
    tenpwrs_i                                0x0800461c   Data          64  bigflt0.o(.constdata)
    .L.str.1                                 0x0800468c   Data          14  main.o(.rodata.str1.1)
    [Anonymous Symbol]                       0x0800468c   Section        0  main.o(.rodata.str1.1)
    .L.str                                   0x0800469a   Data          15  main.o(.rodata.str1.1)
    locale$$data                             0x080046cc   Section       28  lc_numeric_c.o(locale$$data)
    __lcnum_c_name                           0x080046d0   Data           2  lc_numeric_c.o(locale$$data)
    __lcnum_c_start                          0x080046d8   Data           0  lc_numeric_c.o(locale$$data)
    __lcnum_c_point                          0x080046e4   Data           0  lc_numeric_c.o(locale$$data)
    __lcnum_c_thousands                      0x080046e6   Data           0  lc_numeric_c.o(locale$$data)
    __lcnum_c_grouping                       0x080046e7   Data           0  lc_numeric_c.o(locale$$data)
    __lcnum_c_end                            0x080046e8   Data           0  lc_numeric_c.o(locale$$data)
    locale$$data                             0x080046e8   Section      272  lc_ctype_c.o(locale$$data)
    __lcctype_c_name                         0x080046ec   Data           2  lc_ctype_c.o(locale$$data)
    __lcctype_c_start                        0x080046f4   Data           0  lc_ctype_c.o(locale$$data)
    __lcctype_c_end                          0x080047f8   Data           0  lc_ctype_c.o(locale$$data)
    .bss                                     0x20000010   Section       96  libspace.o(.bss)
    Heap_Mem                                 0x200000e8   Data         512  startup_stm32f103x6.o(HEAP)
    HEAP                                     0x200000e8   Section      512  startup_stm32f103x6.o(HEAP)
    Stack_Mem                                0x200002e8   Data        1024  startup_stm32f103x6.o(STACK)
    STACK                                    0x200002e8   Section     1024  startup_stm32f103x6.o(STACK)
    __initial_sp                             0x200006e8   Data           0  startup_stm32f103x6.o(STACK)

    Global Symbols

    Symbol Name                              Value     Ov Type        Size  Object(Section)

    BuildAttributes$$THM_ISAv4$P$D$K$B$S$PE$A:L22UL41UL21$X:L11$S22US41US21$IEEE1$IW$~IW$USESV6$~STKCKD$USESV7$~SHL$OTIME$ROPI$IEEEJ$EBA8$UX$STANDARDLIB$REQ8$PRES8$EABIv2 0x00000000   Number         0  anon$$obj.o ABSOLUTE
    __fp_init_empty                          0x00000000   Number         0  fpinit_empty.o ABSOLUTE
    _printf_flags                            0x00000000   Number         0  printf_stubs.o ABSOLUTE
    _printf_return_value                     0x00000000   Number         0  printf_stubs.o ABSOLUTE
    _printf_sizespec                         0x00000000   Number         0  printf_stubs.o ABSOLUTE
    _printf_widthprec                        0x00000000   Number         0  printf_stubs.o ABSOLUTE
    __ARM_exceptions_init                     - Undefined Weak Reference
    __alloca_initialize                       - Undefined Weak Reference
    __arm_preinit_                            - Undefined Weak Reference
    __arm_relocate_pie_                       - Undefined Weak Reference
    __cpp_initialize__aeabi_                  - Undefined Weak Reference
    __cxa_finalize                            - Undefined Weak Reference
    __sigvec_lookup                           - Undefined Weak Reference
    _atexit_init                              - Undefined Weak Reference
    _call_atexit_fns                          - Undefined Weak Reference
    _clock_init                               - Undefined Weak Reference
    _fp_trap_init                             - Undefined Weak Reference
    _fp_trap_shutdown                         - Undefined Weak Reference
    _get_lc_collate                           - Undefined Weak Reference
    _get_lc_monetary                          - Undefined Weak Reference
    _get_lc_time                              - Undefined Weak Reference
    _getenv_init                              - Undefined Weak Reference
    _handle_redirection                       - Undefined Weak Reference
    _init_alloc                               - Undefined Weak Reference
    _init_user_alloc                          - Undefined Weak Reference
    _initio                                   - Undefined Weak Reference
    _printf_mbtowc                            - Undefined Weak Reference
    _printf_wc                                - Undefined Weak Reference
    _rand_init                                - Undefined Weak Reference
    _signal_finish                            - Undefined Weak Reference
    _signal_init                              - Undefined Weak Reference
    _terminate_alloc                          - Undefined Weak Reference
    _terminate_user_alloc                     - Undefined Weak Reference
    _terminateio                              - Undefined Weak Reference
    __Vectors_Size                           0x000000ec   Number         0  startup_stm32f103x6.o ABSOLUTE
    __Vectors                                0x08000000   Data           4  startup_stm32f103x6.o(RESET)
    __Vectors_End                            0x080000ec   Data           0  startup_stm32f103x6.o(RESET)
    __main                                   0x080000ed   Thumb Code     8  __main.o(!!!main)
    __scatterload                            0x080000f5   Thumb Code     0  __scatter.o(!!!scatter)
    __scatterload_rt2                        0x080000f5   Thumb Code    44  __scatter.o(!!!scatter)
    __scatterload_rt2_thumb_only             0x080000f5   Thumb Code     0  __scatter.o(!!!scatter)
    __scatterload_null                       0x08000103   Thumb Code     0  __scatter.o(!!!scatter)
    __scatterload_copy                       0x08000129   Thumb Code    26  __scatter_copy.o(!!handler_copy)
    __scatterload_zeroinit                   0x08000145   Thumb Code    28  __scatter_zi.o(!!handler_zi)
    _printf_n                                0x08000161   Thumb Code     0  _printf_n.o(.ARM.Collect$$_printf_percent$$00000001)
    _printf_percent                          0x08000161   Thumb Code     0  _printf_percent.o(.ARM.Collect$$_printf_percent$$00000000)
    _printf_p                                0x08000167   Thumb Code     0  _printf_p.o(.ARM.Collect$$_printf_percent$$00000002)
    _printf_f                                0x0800016d   Thumb Code     0  _printf_f.o(.ARM.Collect$$_printf_percent$$00000003)
    _printf_e                                0x08000173   Thumb Code     0  _printf_e.o(.ARM.Collect$$_printf_percent$$00000004)
    _printf_g                                0x08000179   Thumb Code     0  _printf_g.o(.ARM.Collect$$_printf_percent$$00000005)
    _printf_a                                0x0800017f   Thumb Code     0  _printf_a.o(.ARM.Collect$$_printf_percent$$00000006)
    _printf_ll                               0x08000185   Thumb Code     0  _printf_ll.o(.ARM.Collect$$_printf_percent$$00000007)
    _printf_i                                0x0800018f   Thumb Code     0  _printf_i.o(.ARM.Collect$$_printf_percent$$00000008)
    _printf_d                                0x08000195   Thumb Code     0  _printf_d.o(.ARM.Collect$$_printf_percent$$00000009)
    _printf_u                                0x0800019b   Thumb Code     0  _printf_u.o(.ARM.Collect$$_printf_percent$$0000000A)
    _printf_o                                0x080001a1   Thumb Code     0  _printf_o.o(.ARM.Collect$$_printf_percent$$0000000B)
    _printf_x                                0x080001a7   Thumb Code     0  _printf_x.o(.ARM.Collect$$_printf_percent$$0000000C)
    _printf_lli                              0x080001ad   Thumb Code     0  _printf_lli.o(.ARM.Collect$$_printf_percent$$0000000D)
    _printf_lld                              0x080001b3   Thumb Code     0  _printf_lld.o(.ARM.Collect$$_printf_percent$$0000000E)
    _printf_llu                              0x080001b9   Thumb Code     0  _printf_llu.o(.ARM.Collect$$_printf_percent$$0000000F)
    _printf_llo                              0x080001bf   Thumb Code     0  _printf_llo.o(.ARM.Collect$$_printf_percent$$00000010)
    _printf_llx                              0x080001c5   Thumb Code     0  _printf_llx.o(.ARM.Collect$$_printf_percent$$00000011)
    _printf_l                                0x080001cb   Thumb Code     0  _printf_l.o(.ARM.Collect$$_printf_percent$$00000012)
    _printf_c                                0x080001d5   Thumb Code     0  _printf_c.o(.ARM.Collect$$_printf_percent$$00000013)
    _printf_s                                0x080001db   Thumb Code     0  _printf_s.o(.ARM.Collect$$_printf_percent$$00000014)
    _printf_lc                               0x080001e1   Thumb Code     0  _printf_lc.o(.ARM.Collect$$_printf_percent$$00000015)
    _printf_ls                               0x080001e7   Thumb Code     0  _printf_ls.o(.ARM.Collect$$_printf_percent$$00000016)
    _printf_percent_end                      0x080001ed   Thumb Code     0  _printf_percent_end.o(.ARM.Collect$$_printf_percent$$00000017)
    __rt_lib_init                            0x080001f1   Thumb Code     0  libinit.o(.ARM.Collect$$libinit$$00000000)
    __rt_lib_init_fp_1                       0x080001f3   Thumb Code     0  libinit2.o(.ARM.Collect$$libinit$$00000002)
    __rt_lib_init_heap_1                     0x080001f3   Thumb Code     0  libinit2.o(.ARM.Collect$$libinit$$0000000C)
    __rt_lib_init_lc_common                  0x080001f3   Thumb Code     0  libinit2.o(.ARM.Collect$$libinit$$00000011)
    __rt_lib_init_preinit_1                  0x080001f3   Thumb Code     0  libinit2.o(.ARM.Collect$$libinit$$00000006)
    __rt_lib_init_rand_1                     0x080001f3   Thumb Code     0  libinit2.o(.ARM.Collect$$libinit$$00000010)
    __rt_lib_init_relocate_pie_1             0x080001f3   Thumb Code     0  libinit2.o(.ARM.Collect$$libinit$$00000004)
    __rt_lib_init_user_alloc_1               0x080001f3   Thumb Code     0  libinit2.o(.ARM.Collect$$libinit$$0000000E)
    __rt_lib_init_lc_collate_1               0x080001f9   Thumb Code     0  libinit2.o(.ARM.Collect$$libinit$$00000013)
    __rt_lib_init_lc_ctype_2                 0x080001f9   Thumb Code     0  libinit2.o(.ARM.Collect$$libinit$$00000014)
    __rt_lib_init_lc_ctype_1                 0x08000205   Thumb Code     0  libinit2.o(.ARM.Collect$$libinit$$00000015)
    __rt_lib_init_lc_monetary_1              0x08000205   Thumb Code     0  libinit2.o(.ARM.Collect$$libinit$$00000017)
    __rt_lib_init_lc_numeric_2               0x08000205   Thumb Code     0  libinit2.o(.ARM.Collect$$libinit$$00000018)
    __rt_lib_init_alloca_1                   0x0800020f   Thumb Code     0  libinit2.o(.ARM.Collect$$libinit$$00000030)
    __rt_lib_init_argv_1                     0x0800020f   Thumb Code     0  libinit2.o(.ARM.Collect$$libinit$$0000002E)
    __rt_lib_init_atexit_1                   0x0800020f   Thumb Code     0  libinit2.o(.ARM.Collect$$libinit$$0000001D)
    __rt_lib_init_clock_1                    0x0800020f   Thumb Code     0  libinit2.o(.ARM.Collect$$libinit$$00000023)
    __rt_lib_init_cpp_1                      0x0800020f   Thumb Code     0  libinit2.o(.ARM.Collect$$libinit$$00000034)
    __rt_lib_init_exceptions_1               0x0800020f   Thumb Code     0  libinit2.o(.ARM.Collect$$libinit$$00000032)
    __rt_lib_init_fp_trap_1                  0x0800020f   Thumb Code     0  libinit2.o(.ARM.Collect$$libinit$$00000021)
    __rt_lib_init_getenv_1                   0x0800020f   Thumb Code     0  libinit2.o(.ARM.Collect$$libinit$$00000025)
    __rt_lib_init_lc_numeric_1               0x0800020f   Thumb Code     0  libinit2.o(.ARM.Collect$$libinit$$00000019)
    __rt_lib_init_lc_time_1                  0x0800020f   Thumb Code     0  libinit2.o(.ARM.Collect$$libinit$$0000001B)
    __rt_lib_init_return                     0x0800020f   Thumb Code     0  libinit2.o(.ARM.Collect$$libinit$$00000035)
    __rt_lib_init_signal_1                   0x0800020f   Thumb Code     0  libinit2.o(.ARM.Collect$$libinit$$0000001F)
    __rt_lib_init_stdio_1                    0x0800020f   Thumb Code     0  libinit2.o(.ARM.Collect$$libinit$$00000027)
    __rt_lib_shutdown                        0x08000211   Thumb Code     0  libshutdown.o(.ARM.Collect$$libshutdown$$00000000)
    __rt_lib_shutdown_cpp_1                  0x08000213   Thumb Code     0  libshutdown2.o(.ARM.Collect$$libshutdown$$00000002)
    __rt_lib_shutdown_fp_trap_1              0x08000213   Thumb Code     0  libshutdown2.o(.ARM.Collect$$libshutdown$$00000007)
    __rt_lib_shutdown_heap_1                 0x08000213   Thumb Code     0  libshutdown2.o(.ARM.Collect$$libshutdown$$0000000F)
    __rt_lib_shutdown_return                 0x08000213   Thumb Code     0  libshutdown2.o(.ARM.Collect$$libshutdown$$00000010)
    __rt_lib_shutdown_signal_1               0x08000213   Thumb Code     0  libshutdown2.o(.ARM.Collect$$libshutdown$$0000000A)
    __rt_lib_shutdown_stdio_1                0x08000213   Thumb Code     0  libshutdown2.o(.ARM.Collect$$libshutdown$$00000004)
    __rt_lib_shutdown_user_alloc_1           0x08000213   Thumb Code     0  libshutdown2.o(.ARM.Collect$$libshutdown$$0000000C)
    __rt_entry                               0x08000215   Thumb Code     0  __rtentry.o(.ARM.Collect$$rtentry$$00000000)
    __rt_entry_presh_1                       0x08000215   Thumb Code     0  __rtentry2.o(.ARM.Collect$$rtentry$$00000002)
    __rt_entry_sh                            0x08000215   Thumb Code     0  __rtentry4.o(.ARM.Collect$$rtentry$$00000004)
    __rt_entry_li                            0x0800021b   Thumb Code     0  __rtentry2.o(.ARM.Collect$$rtentry$$0000000A)
    __rt_entry_postsh_1                      0x0800021b   Thumb Code     0  __rtentry2.o(.ARM.Collect$$rtentry$$00000009)
    __rt_entry_main                          0x0800021f   Thumb Code     0  __rtentry2.o(.ARM.Collect$$rtentry$$0000000D)
    __rt_entry_postli_1                      0x0800021f   Thumb Code     0  __rtentry2.o(.ARM.Collect$$rtentry$$0000000C)
    __rt_exit                                0x08000227   Thumb Code     0  rtexit.o(.ARM.Collect$$rtexit$$00000000)
    __rt_exit_ls                             0x08000229   Thumb Code     0  rtexit2.o(.ARM.Collect$$rtexit$$00000003)
    __rt_exit_prels_1                        0x08000229   Thumb Code     0  rtexit2.o(.ARM.Collect$$rtexit$$00000002)
    __rt_exit_exit                           0x0800022d   Thumb Code     0  rtexit2.o(.ARM.Collect$$rtexit$$00000004)
    Reset_Handler                            0x08000235   Thumb Code     8  startup_stm32f103x6.o(.text)
    ADC1_2_IRQHandler                        0x0800024f   Thumb Code     0  startup_stm32f103x6.o(.text)
    CAN1_RX1_IRQHandler                      0x0800024f   Thumb Code     0  startup_stm32f103x6.o(.text)
    CAN1_SCE_IRQHandler                      0x0800024f   Thumb Code     0  startup_stm32f103x6.o(.text)
    DMA1_Channel1_IRQHandler                 0x0800024f   Thumb Code     0  startup_stm32f103x6.o(.text)
    DMA1_Channel2_IRQHandler                 0x0800024f   Thumb Code     0  startup_stm32f103x6.o(.text)
    DMA1_Channel3_IRQHandler                 0x0800024f   Thumb Code     0  startup_stm32f103x6.o(.text)
    DMA1_Channel4_IRQHandler                 0x0800024f   Thumb Code     0  startup_stm32f103x6.o(.text)
    DMA1_Channel5_IRQHandler                 0x0800024f   Thumb Code     0  startup_stm32f103x6.o(.text)
    DMA1_Channel6_IRQHandler                 0x0800024f   Thumb Code     0  startup_stm32f103x6.o(.text)
    DMA1_Channel7_IRQHandler                 0x0800024f   Thumb Code     0  startup_stm32f103x6.o(.text)
    EXTI0_IRQHandler                         0x0800024f   Thumb Code     0  startup_stm32f103x6.o(.text)
    EXTI15_10_IRQHandler                     0x0800024f   Thumb Code     0  startup_stm32f103x6.o(.text)
    EXTI1_IRQHandler                         0x0800024f   Thumb Code     0  startup_stm32f103x6.o(.text)
    EXTI2_IRQHandler                         0x0800024f   Thumb Code     0  startup_stm32f103x6.o(.text)
    EXTI3_IRQHandler                         0x0800024f   Thumb Code     0  startup_stm32f103x6.o(.text)
    EXTI4_IRQHandler                         0x0800024f   Thumb Code     0  startup_stm32f103x6.o(.text)
    EXTI9_5_IRQHandler                       0x0800024f   Thumb Code     0  startup_stm32f103x6.o(.text)
    FLASH_IRQHandler                         0x0800024f   Thumb Code     0  startup_stm32f103x6.o(.text)
    I2C1_ER_IRQHandler                       0x0800024f   Thumb Code     0  startup_stm32f103x6.o(.text)
    I2C1_EV_IRQHandler                       0x0800024f   Thumb Code     0  startup_stm32f103x6.o(.text)
    PVD_IRQHandler                           0x0800024f   Thumb Code     0  startup_stm32f103x6.o(.text)
    RCC_IRQHandler                           0x0800024f   Thumb Code     0  startup_stm32f103x6.o(.text)
    RTC_Alarm_IRQHandler                     0x0800024f   Thumb Code     0  startup_stm32f103x6.o(.text)
    RTC_IRQHandler                           0x0800024f   Thumb Code     0  startup_stm32f103x6.o(.text)
    SPI1_IRQHandler                          0x0800024f   Thumb Code     0  startup_stm32f103x6.o(.text)
    TAMPER_IRQHandler                        0x0800024f   Thumb Code     0  startup_stm32f103x6.o(.text)
    TIM1_BRK_IRQHandler                      0x0800024f   Thumb Code     0  startup_stm32f103x6.o(.text)
    TIM1_CC_IRQHandler                       0x0800024f   Thumb Code     0  startup_stm32f103x6.o(.text)
    TIM1_TRG_COM_IRQHandler                  0x0800024f   Thumb Code     0  startup_stm32f103x6.o(.text)
    TIM1_UP_IRQHandler                       0x0800024f   Thumb Code     0  startup_stm32f103x6.o(.text)
    TIM2_IRQHandler                          0x0800024f   Thumb Code     0  startup_stm32f103x6.o(.text)
    TIM3_IRQHandler                          0x0800024f   Thumb Code     0  startup_stm32f103x6.o(.text)
    USART1_IRQHandler                        0x0800024f   Thumb Code     0  startup_stm32f103x6.o(.text)
    USART2_IRQHandler                        0x0800024f   Thumb Code     0  startup_stm32f103x6.o(.text)
    USBWakeUp_IRQHandler                     0x0800024f   Thumb Code     0  startup_stm32f103x6.o(.text)
    USB_HP_CAN1_TX_IRQHandler                0x0800024f   Thumb Code     0  startup_stm32f103x6.o(.text)
    USB_LP_CAN1_RX0_IRQHandler               0x0800024f   Thumb Code     0  startup_stm32f103x6.o(.text)
    WWDG_IRQHandler                          0x0800024f   Thumb Code     0  startup_stm32f103x6.o(.text)
    __user_initial_stackheap                 0x08000251   Thumb Code     0  startup_stm32f103x6.o(.text)
    sprintf                                  0x08000275   Thumb Code    38  sprintf.o(.text)
    strlen                                   0x080002a1   Thumb Code    62  strlen.o(.text)
    __aeabi_memclr4                          0x080002df   Thumb Code     0  rt_memclr_w.o(.text)
    __aeabi_memclr8                          0x080002df   Thumb Code     0  rt_memclr_w.o(.text)
    __rt_memclr_w                            0x080002df   Thumb Code     0  rt_memclr_w.o(.text)
    _memset_w                                0x080002e3   Thumb Code    74  rt_memclr_w.o(.text)
    __use_two_region_memory                  0x0800032d   Thumb Code     2  heapauxi.o(.text)
    __rt_heap_escrow$2region                 0x0800032f   Thumb Code     2  heapauxi.o(.text)
    __rt_heap_expand$2region                 0x08000331   Thumb Code     2  heapauxi.o(.text)
    _printf_pre_padding                      0x08000333   Thumb Code    44  _printf_pad.o(.text)
    _printf_post_padding                     0x0800035f   Thumb Code    34  _printf_pad.o(.text)
    _printf_truncate_signed                  0x08000381   Thumb Code    18  _printf_truncate.o(.text)
    _printf_truncate_unsigned                0x08000393   Thumb Code    18  _printf_truncate.o(.text)
    _printf_str                              0x080003a5   Thumb Code    82  _printf_str.o(.text)
    _printf_int_dec                          0x080003f9   Thumb Code   104  _printf_dec.o(.text)
    _printf_charcount                        0x08000471   Thumb Code    40  _printf_charcount.o(.text)
    _printf_char_common                      0x080004a3   Thumb Code    32  _printf_char_common.o(.text)
    _sputc                                   0x080004c9   Thumb Code    10  _sputc.o(.text)
    _printf_wctomb                           0x080004d5   Thumb Code   182  _printf_wctomb.o(.text)
    _printf_longlong_dec                     0x08000591   Thumb Code   108  _printf_longlong_dec.o(.text)
    _printf_longlong_oct                     0x0800060d   Thumb Code    68  _printf_oct_int_ll.o(.text)
    _printf_int_oct                          0x08000651   Thumb Code    24  _printf_oct_int_ll.o(.text)
    _printf_ll_oct                           0x08000669   Thumb Code    12  _printf_oct_int_ll.o(.text)
    _printf_longlong_hex                     0x0800067d   Thumb Code    86  _printf_hex_int_ll_ptr.o(.text)
    _printf_int_hex                          0x080006d3   Thumb Code    28  _printf_hex_int_ll_ptr.o(.text)
    _printf_ll_hex                           0x080006ef   Thumb Code    12  _printf_hex_int_ll_ptr.o(.text)
    _printf_hex_ptr                          0x080006fb   Thumb Code    18  _printf_hex_int_ll_ptr.o(.text)
    __printf                                 0x08000711   Thumb Code   388  __printf_flags_ss_wp.o(.text)
    _ll_udiv10                               0x08000899   Thumb Code   138  lludiv10.o(.text)
    _printf_int_common                       0x08000923   Thumb Code   178  _printf_intcommon.o(.text)
    _printf_fp_dec_real                      0x08000b85   Thumb Code   620  _printf_fp_dec.o(.text)
    _printf_fp_hex_real                      0x08000df1   Thumb Code   756  _printf_fp_hex.o(.text)
    _printf_cs_common                        0x080010ed   Thumb Code    20  _printf_char.o(.text)
    _printf_char                             0x08001101   Thumb Code    16  _printf_char.o(.text)
    _printf_string                           0x08001111   Thumb Code     8  _printf_char.o(.text)
    _printf_lcs_common                       0x08001119   Thumb Code    20  _printf_wchar.o(.text)
    _printf_wchar                            0x0800112d   Thumb Code    16  _printf_wchar.o(.text)
    _printf_wstring                          0x0800113d   Thumb Code     8  _printf_wchar.o(.text)
    _c16rtomb                                0x08001145   Thumb Code    72  _c16rtomb.o(.text)
    _wcrtomb                                 0x08001145   Thumb Code     0  _c16rtomb.o(.text)
    __user_setup_stackheap                   0x0800118d   Thumb Code    74  sys_stackheap_outer.o(.text)
    __rt_ctype_table                         0x080011d9   Thumb Code    16  rt_ctype_table.o(.text)
    __rt_locale                              0x080011e9   Thumb Code     8  rt_locale_intlibspace.o(.text)
    _printf_fp_infnan                        0x080011f1   Thumb Code   112  _printf_fp_infnan.o(.text)
    _btod_etento                             0x08001271   Thumb Code   224  bigflt0.o(.text)
    exit                                     0x08001355   Thumb Code    18  exit.o(.text)
    __user_libspace                          0x08001369   Thumb Code     8  libspace.o(.text)
    __user_perproc_libspace                  0x08001369   Thumb Code     0  libspace.o(.text)
    __user_perthread_libspace                0x08001369   Thumb Code     0  libspace.o(.text)
    strcmp                                   0x08001371   Thumb Code   128  strcmpv7m.o(.text)
    _sys_exit                                0x080013f1   Thumb Code     8  sys_exit.o(.text)
    __I$use$semihosting                      0x080013fd   Thumb Code     0  use_no_semi.o(.text)
    __use_no_semihosting_swi                 0x080013fd   Thumb Code     2  use_no_semi.o(.text)
    __semihosting_library_function           0x080013ff   Thumb Code     0  indicate_semi.o(.text)
    ADC_ConversionStop_Disable               0x08001401   Thumb Code   130  stm32f1xx_hal_adc.o(.text.ADC_ConversionStop_Disable)
    ADC_Enable                               0x08001485   Thumb Code   188  stm32f1xx_hal_adc.o(.text.ADC_Enable)
    BusFault_Handler                         0x08001541   Thumb Code     4  stm32f1xx_it.o(.text.BusFault_Handler)
    DebugMon_Handler                         0x08001545   Thumb Code     2  stm32f1xx_it.o(.text.DebugMon_Handler)
    Error_Handler                            0x08001549   Thumb Code    14  main.o(.text.Error_Handler)
    HAL_ADC_ConfigChannel                    0x08001559   Thumb Code   436  stm32f1xx_hal_adc.o(.text.HAL_ADC_ConfigChannel)
    HAL_ADC_GetValue                         0x0800170d   Thumb Code    14  stm32f1xx_hal_adc.o(.text.HAL_ADC_GetValue)
    HAL_ADC_Init                             0x0800171d   Thumb Code   530  stm32f1xx_hal_adc.o(.text.HAL_ADC_Init)
    HAL_ADC_MspInit                          0x08001931   Thumb Code   122  stm32f1xx_hal_msp.o(.text.HAL_ADC_MspInit)
    HAL_ADC_PollForConversion                0x080019ad   Thumb Code   644  stm32f1xx_hal_adc.o(.text.HAL_ADC_PollForConversion)
    HAL_ADC_Start                            0x08001c31   Thumb Code   438  stm32f1xx_hal_adc.o(.text.HAL_ADC_Start)
    HAL_Delay                                0x08001de9   Thumb Code    66  stm32f1xx_hal.o(.text.HAL_Delay)
    HAL_GPIO_Init                            0x08001e2d   Thumb Code   770  stm32f1xx_hal_gpio.o(.text.HAL_GPIO_Init)
    HAL_GetTick                              0x08002131   Thumb Code    12  stm32f1xx_hal.o(.text.HAL_GetTick)
    HAL_IncTick                              0x0800213d   Thumb Code    26  stm32f1xx_hal.o(.text.HAL_IncTick)
    HAL_Init                                 0x08002159   Thumb Code    38  stm32f1xx_hal.o(.text.HAL_Init)
    HAL_InitTick                             0x08002181   Thumb Code   112  stm32f1xx_hal.o(.text.HAL_InitTick)
    HAL_MspInit                              0x080021f1   Thumb Code    66  stm32f1xx_hal_msp.o(.text.HAL_MspInit)
    HAL_NVIC_SetPriority                     0x08002235   Thumb Code    50  stm32f1xx_hal_cortex.o(.text.HAL_NVIC_SetPriority)
    HAL_NVIC_SetPriorityGrouping             0x08002269   Thumb Code    16  stm32f1xx_hal_cortex.o(.text.HAL_NVIC_SetPriorityGrouping)
    HAL_RCCEx_GetPeriphCLKFreq               0x08002279   Thumb Code   448  stm32f1xx_hal_rcc_ex.o(.text.HAL_RCCEx_GetPeriphCLKFreq)
    HAL_RCCEx_PeriphCLKConfig                0x08002439   Thumb Code   456  stm32f1xx_hal_rcc_ex.o(.text.HAL_RCCEx_PeriphCLKConfig)
    HAL_RCC_ClockConfig                      0x08002601   Thumb Code   598  stm32f1xx_hal_rcc.o(.text.HAL_RCC_ClockConfig)
    HAL_RCC_GetHCLKFreq                      0x08002859   Thumb Code    12  stm32f1xx_hal_rcc.o(.text.HAL_RCC_GetHCLKFreq)
    HAL_RCC_GetPCLK1Freq                     0x08002865   Thumb Code    34  stm32f1xx_hal_rcc.o(.text.HAL_RCC_GetPCLK1Freq)
    HAL_RCC_GetPCLK2Freq                     0x08002889   Thumb Code    34  stm32f1xx_hal_rcc.o(.text.HAL_RCC_GetPCLK2Freq)
    HAL_RCC_GetSysClockFreq                  0x080028ad   Thumb Code   228  stm32f1xx_hal_rcc.o(.text.HAL_RCC_GetSysClockFreq)
    HAL_RCC_OscConfig                        0x08002991   Thumb Code  1658  stm32f1xx_hal_rcc.o(.text.HAL_RCC_OscConfig)
    HAL_SYSTICK_Config                       0x0800300d   Thumb Code    16  stm32f1xx_hal_cortex.o(.text.HAL_SYSTICK_Config)
    HAL_UART_Init                            0x0800301d   Thumb Code   154  stm32f1xx_hal_uart.o(.text.HAL_UART_Init)
    HAL_UART_MspInit                         0x080030b9   Thumb Code   152  stm32f1xx_hal_msp.o(.text.HAL_UART_MspInit)
    HAL_UART_Transmit                        0x08003151   Thumb Code   334  stm32f1xx_hal_uart.o(.text.HAL_UART_Transmit)
    HardFault_Handler                        0x080032a1   Thumb Code     4  stm32f1xx_it.o(.text.HardFault_Handler)
    MemManage_Handler                        0x08003399   Thumb Code     4  stm32f1xx_it.o(.text.MemManage_Handler)
    NMI_Handler                              0x0800339d   Thumb Code     4  stm32f1xx_it.o(.text.NMI_Handler)
    PendSV_Handler                           0x0800340d   Thumb Code     2  stm32f1xx_it.o(.text.PendSV_Handler)
    SVC_Handler                              0x0800344d   Thumb Code     2  stm32f1xx_it.o(.text.SVC_Handler)
    SysTick_Handler                          0x080034a5   Thumb Code     8  stm32f1xx_it.o(.text.SysTick_Handler)
    SystemClock_Config                       0x080034ad   Thumb Code   124  main.o(.text.SystemClock_Config)
    SystemInit                               0x08003529   Thumb Code     2  system_stm32f1xx.o(.text.SystemInit)
    UsageFault_Handler                       0x08003685   Thumb Code     4  stm32f1xx_it.o(.text.UsageFault_Handler)
    main                                     0x08003719   Thumb Code   234  main.o(.text.main)
    _btod_d2e                                0x08003803   Thumb Code    62  btod.o(CL$$btod_d2e)
    _d2e_denorm_low                          0x08003841   Thumb Code    70  btod.o(CL$$btod_d2e_denorm_low)
    _d2e_norm_op1                            0x08003887   Thumb Code    96  btod.o(CL$$btod_d2e_norm_op1)
    __btod_div_common                        0x080038e9   Thumb Code   696  btod.o(CL$$btod_div_common)
    _e2e                                     0x08003c21   Thumb Code   220  btod.o(CL$$btod_e2e)
    _btod_ediv                               0x08003cfd   Thumb Code    42  btod.o(CL$$btod_ediv)
    _btod_emul                               0x08003d27   Thumb Code    42  btod.o(CL$$btod_emul)
    __btod_mult_common                       0x08003d51   Thumb Code   580  btod.o(CL$$btod_mult_common)
    __ARM_fpclassify                         0x08003f95   Thumb Code    40  fpclassify.o(i.__ARM_fpclassify)
    _is_digit                                0x08003fbd   Thumb Code    14  __printf_wp.o(i._is_digit)
    _get_lc_numeric                          0x08003fcd   Thumb Code    44  lc_numeric_c.o(locale$$code)
    _get_lc_ctype                            0x08003ff9   Thumb Code    44  lc_ctype_c.o(locale$$code)
    __fpl_dretinf                            0x08004025   Thumb Code    12  dretinf.o(x$fpl$dretinf)
    __aeabi_f2d                              0x08004031   Thumb Code     0  f2d.o(x$fpl$f2d)
    _f2d                                     0x08004031   Thumb Code    86  f2d.o(x$fpl$f2d)
    __aeabi_fcmpeq                           0x08004087   Thumb Code     0  fcmp.o(x$fpl$fcmp)
    _feq                                     0x08004087   Thumb Code    14  fcmp.o(x$fpl$fcmp)
    _fneq                                    0x08004095   Thumb Code    14  fcmp.o(x$fpl$fcmp)
    __aeabi_fcmpgt                           0x080040a3   Thumb Code     0  fcmp.o(x$fpl$fcmp)
    _fgr                                     0x080040a3   Thumb Code    14  fcmp.o(x$fpl$fcmp)
    __aeabi_fcmpge                           0x080040b1   Thumb Code     0  fcmp.o(x$fpl$fcmp)
    _fgeq                                    0x080040b1   Thumb Code    14  fcmp.o(x$fpl$fcmp)
    __aeabi_fcmple                           0x080040bf   Thumb Code     0  fcmp.o(x$fpl$fcmp)
    _fleq                                    0x080040bf   Thumb Code    14  fcmp.o(x$fpl$fcmp)
    __aeabi_fcmplt                           0x080040cd   Thumb Code     0  fcmp.o(x$fpl$fcmp)
    _fls                                     0x080040cd   Thumb Code    14  fcmp.o(x$fpl$fcmp)
    __fpl_fcmp_Inf                           0x080040db   Thumb Code    24  fcmpi.o(x$fpl$fcmpinf)
    __aeabi_fdiv                             0x080040f5   Thumb Code     0  fdiv.o(x$fpl$fdiv)
    _fdiv                                    0x080040f5   Thumb Code   384  fdiv.o(x$fpl$fdiv)
    __aeabi_cfcmpeq                          0x08004279   Thumb Code     0  feqf.o(x$fpl$feqf)
    _fcmpeq                                  0x08004279   Thumb Code   104  feqf.o(x$fpl$feqf)
    __aeabi_ui2f                             0x080042e1   Thumb Code     0  fflt_clz.o(x$fpl$ffltu)
    _ffltu                                   0x080042e1   Thumb Code    38  fflt_clz.o(x$fpl$ffltu)
    _fcmpge                                  0x08004309   Thumb Code   104  fgeqf.o(x$fpl$fgeqf)
    __aeabi_cfcmple                          0x08004371   Thumb Code     0  fleqf.o(x$fpl$fleqf)
    _fcmple                                  0x08004371   Thumb Code   104  fleqf.o(x$fpl$fleqf)
    __fpl_fcmple_InfNaN                      0x080043c3   Thumb Code     0  fleqf.o(x$fpl$fleqf)
    __aeabi_fmul                             0x080043d9   Thumb Code     0  fmul.o(x$fpl$fmul)
    _fmul                                    0x080043d9   Thumb Code   258  fmul.o(x$fpl$fmul)
    __fpl_fnaninf                            0x080044db   Thumb Code   140  fnaninf.o(x$fpl$fnaninf)
    __fpl_fretinf                            0x08004567   Thumb Code    10  fretinf.o(x$fpl$fretinf)
    _printf_fp_dec                           0x08004571   Thumb Code     4  printf1.o(x$fpl$printf1)
    _printf_fp_hex                           0x08004575   Thumb Code     4  printf2.o(x$fpl$printf2)
    __I$use$fp                               0x08004578   Number         0  usenofp.o(x$fpl$usenofp)
    AHBPrescTable                            0x08004674   Data          16  system_stm32f1xx.o(.rodata.AHBPrescTable)
    APBPrescTable                            0x08004684   Data           8  system_stm32f1xx.o(.rodata.APBPrescTable)
    Region$$Table$$Base                      0x080046ac   Number         0  anon$$obj.o(Region$$Table)
    Region$$Table$$Limit                     0x080046cc   Number         0  anon$$obj.o(Region$$Table)
    __ctype                                  0x080046f5   Data           0  lc_ctype_c.o(locale$$data)
    SystemCoreClock                          0x20000000   Data           4  system_stm32f1xx.o(.data.SystemCoreClock)
    uwTickFreq                               0x20000004   Data           1  stm32f1xx_hal.o(.data.uwTickFreq)
    uwTickPrio                               0x20000008   Data           4  stm32f1xx_hal.o(.data.uwTickPrio)
    __libspace_start                         0x20000010   Data          96  libspace.o(.bss)
    __temporary_stack_top$libspace           0x20000070   Data           0  libspace.o(.bss)
    hadc1                                    0x20000070   Data          48  main.o(.bss.hadc1)
    huart1                                   0x200000a0   Data          68  main.o(.bss.huart1)
    uwTick                                   0x200000e4   Data           4  stm32f1xx_hal.o(.bss.uwTick)



==============================================================================

Memory Map of the image

  Image Entry point : 0x080000ed

  Load Region LR_IROM1 (Base: 0x08000000, Size: 0x00004808, Max: 0x00008000, ABSOLUTE)

    Execution Region ER_IROM1 (Exec base: 0x08000000, Load base: 0x08000000, Size: 0x000047f8, Max: 0x00008000, ABSOLUTE)

    Exec Addr    Load Addr    Size         Type   Attr      Idx    E Section Name        Object

    0x08000000   0x08000000   0x000000ec   Data   RO            3    RESET               startup_stm32f103x6.o
    0x080000ec   0x080000ec   0x00000008   Code   RO          715  * !!!main             c_w.l(__main.o)
    0x080000f4   0x080000f4   0x00000034   Code   RO         1082    !!!scatter          c_w.l(__scatter.o)
    0x08000128   0x08000128   0x0000001a   Code   RO         1084    !!handler_copy      c_w.l(__scatter_copy.o)
    0x08000142   0x08000142   0x00000002   PAD
    0x08000144   0x08000144   0x0000001c   Code   RO         1086    !!handler_zi        c_w.l(__scatter_zi.o)
    0x08000160   0x08000160   0x00000000   Code   RO          815    .ARM.Collect$$_printf_percent$$00000000  c_w.l(_printf_percent.o)
    0x08000160   0x08000160   0x00000006   Code   RO          804    .ARM.Collect$$_printf_percent$$00000001  c_w.l(_printf_n.o)
    0x08000166   0x08000166   0x00000006   Code   RO          806    .ARM.Collect$$_printf_percent$$00000002  c_w.l(_printf_p.o)
    0x0800016c   0x0800016c   0x00000006   Code   RO          811    .ARM.Collect$$_printf_percent$$00000003  c_w.l(_printf_f.o)
    0x08000172   0x08000172   0x00000006   Code   RO          812    .ARM.Collect$$_printf_percent$$00000004  c_w.l(_printf_e.o)
    0x08000178   0x08000178   0x00000006   Code   RO          813    .ARM.Collect$$_printf_percent$$00000005  c_w.l(_printf_g.o)
    0x0800017e   0x0800017e   0x00000006   Code   RO          814    .ARM.Collect$$_printf_percent$$00000006  c_w.l(_printf_a.o)
    0x08000184   0x08000184   0x0000000a   Code   RO          819    .ARM.Collect$$_printf_percent$$00000007  c_w.l(_printf_ll.o)
    0x0800018e   0x0800018e   0x00000006   Code   RO          808    .ARM.Collect$$_printf_percent$$00000008  c_w.l(_printf_i.o)
    0x08000194   0x08000194   0x00000006   Code   RO          809    .ARM.Collect$$_printf_percent$$00000009  c_w.l(_printf_d.o)
    0x0800019a   0x0800019a   0x00000006   Code   RO          810    .ARM.Collect$$_printf_percent$$0000000A  c_w.l(_printf_u.o)
    0x080001a0   0x080001a0   0x00000006   Code   RO          807    .ARM.Collect$$_printf_percent$$0000000B  c_w.l(_printf_o.o)
    0x080001a6   0x080001a6   0x00000006   Code   RO          805    .ARM.Collect$$_printf_percent$$0000000C  c_w.l(_printf_x.o)
    0x080001ac   0x080001ac   0x00000006   Code   RO          816    .ARM.Collect$$_printf_percent$$0000000D  c_w.l(_printf_lli.o)
    0x080001b2   0x080001b2   0x00000006   Code   RO          817    .ARM.Collect$$_printf_percent$$0000000E  c_w.l(_printf_lld.o)
    0x080001b8   0x080001b8   0x00000006   Code   RO          818    .ARM.Collect$$_printf_percent$$0000000F  c_w.l(_printf_llu.o)
    0x080001be   0x080001be   0x00000006   Code   RO          823    .ARM.Collect$$_printf_percent$$00000010  c_w.l(_printf_llo.o)
    0x080001c4   0x080001c4   0x00000006   Code   RO          824    .ARM.Collect$$_printf_percent$$00000011  c_w.l(_printf_llx.o)
    0x080001ca   0x080001ca   0x0000000a   Code   RO          820    .ARM.Collect$$_printf_percent$$00000012  c_w.l(_printf_l.o)
    0x080001d4   0x080001d4   0x00000006   Code   RO          802    .ARM.Collect$$_printf_percent$$00000013  c_w.l(_printf_c.o)
    0x080001da   0x080001da   0x00000006   Code   RO          803    .ARM.Collect$$_printf_percent$$00000014  c_w.l(_printf_s.o)
    0x080001e0   0x080001e0   0x00000006   Code   RO          821    .ARM.Collect$$_printf_percent$$00000015  c_w.l(_printf_lc.o)
    0x080001e6   0x080001e6   0x00000006   Code   RO          822    .ARM.Collect$$_printf_percent$$00000016  c_w.l(_printf_ls.o)
    0x080001ec   0x080001ec   0x00000004   Code   RO          878    .ARM.Collect$$_printf_percent$$00000017  c_w.l(_printf_percent_end.o)
    0x080001f0   0x080001f0   0x00000002   Code   RO          931    .ARM.Collect$$libinit$$00000000  c_w.l(libinit.o)
    0x080001f2   0x080001f2   0x00000000   Code   RO          949    .ARM.Collect$$libinit$$00000002  c_w.l(libinit2.o)
    0x080001f2   0x080001f2   0x00000000   Code   RO          951    .ARM.Collect$$libinit$$00000004  c_w.l(libinit2.o)
    0x080001f2   0x080001f2   0x00000000   Code   RO          953    .ARM.Collect$$libinit$$00000006  c_w.l(libinit2.o)
    0x080001f2   0x080001f2   0x00000000   Code   RO          956    .ARM.Collect$$libinit$$0000000C  c_w.l(libinit2.o)
    0x080001f2   0x080001f2   0x00000000   Code   RO          958    .ARM.Collect$$libinit$$0000000E  c_w.l(libinit2.o)
    0x080001f2   0x080001f2   0x00000000   Code   RO          960    .ARM.Collect$$libinit$$00000010  c_w.l(libinit2.o)
    0x080001f2   0x080001f2   0x00000006   Code   RO          961    .ARM.Collect$$libinit$$00000011  c_w.l(libinit2.o)
    0x080001f8   0x080001f8   0x00000000   Code   RO          963    .ARM.Collect$$libinit$$00000013  c_w.l(libinit2.o)
    0x080001f8   0x080001f8   0x0000000c   Code   RO          964    .ARM.Collect$$libinit$$00000014  c_w.l(libinit2.o)
    0x08000204   0x08000204   0x00000000   Code   RO          965    .ARM.Collect$$libinit$$00000015  c_w.l(libinit2.o)
    0x08000204   0x08000204   0x00000000   Code   RO          967    .ARM.Collect$$libinit$$00000017  c_w.l(libinit2.o)
    0x08000204   0x08000204   0x0000000a   Code   RO          968    .ARM.Collect$$libinit$$00000018  c_w.l(libinit2.o)
    0x0800020e   0x0800020e   0x00000000   Code   RO          969    .ARM.Collect$$libinit$$00000019  c_w.l(libinit2.o)
    0x0800020e   0x0800020e   0x00000000   Code   RO          971    .ARM.Collect$$libinit$$0000001B  c_w.l(libinit2.o)
    0x0800020e   0x0800020e   0x00000000   Code   RO          973    .ARM.Collect$$libinit$$0000001D  c_w.l(libinit2.o)
    0x0800020e   0x0800020e   0x00000000   Code   RO          975    .ARM.Collect$$libinit$$0000001F  c_w.l(libinit2.o)
    0x0800020e   0x0800020e   0x00000000   Code   RO          977    .ARM.Collect$$libinit$$00000021  c_w.l(libinit2.o)
    0x0800020e   0x0800020e   0x00000000   Code   RO          979    .ARM.Collect$$libinit$$00000023  c_w.l(libinit2.o)
    0x0800020e   0x0800020e   0x00000000   Code   RO          981    .ARM.Collect$$libinit$$00000025  c_w.l(libinit2.o)
    0x0800020e   0x0800020e   0x00000000   Code   RO          983    .ARM.Collect$$libinit$$00000027  c_w.l(libinit2.o)
    0x0800020e   0x0800020e   0x00000000   Code   RO          987    .ARM.Collect$$libinit$$0000002E  c_w.l(libinit2.o)
    0x0800020e   0x0800020e   0x00000000   Code   RO          989    .ARM.Collect$$libinit$$00000030  c_w.l(libinit2.o)
    0x0800020e   0x0800020e   0x00000000   Code   RO          991    .ARM.Collect$$libinit$$00000032  c_w.l(libinit2.o)
    0x0800020e   0x0800020e   0x00000000   Code   RO          993    .ARM.Collect$$libinit$$00000034  c_w.l(libinit2.o)
    0x0800020e   0x0800020e   0x00000002   Code   RO          994    .ARM.Collect$$libinit$$00000035  c_w.l(libinit2.o)
    0x08000210   0x08000210   0x00000002   Code   RO         1018    .ARM.Collect$$libshutdown$$00000000  c_w.l(libshutdown.o)
    0x08000212   0x08000212   0x00000000   Code   RO         1033    .ARM.Collect$$libshutdown$$00000002  c_w.l(libshutdown2.o)
    0x08000212   0x08000212   0x00000000   Code   RO         1035    .ARM.Collect$$libshutdown$$00000004  c_w.l(libshutdown2.o)
    0x08000212   0x08000212   0x00000000   Code   RO         1038    .ARM.Collect$$libshutdown$$00000007  c_w.l(libshutdown2.o)
    0x08000212   0x08000212   0x00000000   Code   RO         1041    .ARM.Collect$$libshutdown$$0000000A  c_w.l(libshutdown2.o)
    0x08000212   0x08000212   0x00000000   Code   RO         1043    .ARM.Collect$$libshutdown$$0000000C  c_w.l(libshutdown2.o)
    0x08000212   0x08000212   0x00000000   Code   RO         1046    .ARM.Collect$$libshutdown$$0000000F  c_w.l(libshutdown2.o)
    0x08000212   0x08000212   0x00000002   Code   RO         1047    .ARM.Collect$$libshutdown$$00000010  c_w.l(libshutdown2.o)
    0x08000214   0x08000214   0x00000000   Code   RO          733    .ARM.Collect$$rtentry$$00000000  c_w.l(__rtentry.o)
    0x08000214   0x08000214   0x00000000   Code   RO          847    .ARM.Collect$$rtentry$$00000002  c_w.l(__rtentry2.o)
    0x08000214   0x08000214   0x00000006   Code   RO          859    .ARM.Collect$$rtentry$$00000004  c_w.l(__rtentry4.o)
    0x0800021a   0x0800021a   0x00000000   Code   RO          849    .ARM.Collect$$rtentry$$00000009  c_w.l(__rtentry2.o)
    0x0800021a   0x0800021a   0x00000004   Code   RO          850    .ARM.Collect$$rtentry$$0000000A  c_w.l(__rtentry2.o)
    0x0800021e   0x0800021e   0x00000000   Code   RO          852    .ARM.Collect$$rtentry$$0000000C  c_w.l(__rtentry2.o)
    0x0800021e   0x0800021e   0x00000008   Code   RO          853    .ARM.Collect$$rtentry$$0000000D  c_w.l(__rtentry2.o)
    0x08000226   0x08000226   0x00000002   Code   RO          939    .ARM.Collect$$rtexit$$00000000  c_w.l(rtexit.o)
    0x08000228   0x08000228   0x00000000   Code   RO          996    .ARM.Collect$$rtexit$$00000002  c_w.l(rtexit2.o)
    0x08000228   0x08000228   0x00000004   Code   RO          997    .ARM.Collect$$rtexit$$00000003  c_w.l(rtexit2.o)
    0x0800022c   0x0800022c   0x00000006   Code   RO          998    .ARM.Collect$$rtexit$$00000004  c_w.l(rtexit2.o)
    0x08000232   0x08000232   0x00000002   PAD
    0x08000234   0x08000234   0x00000040   Code   RO            4    .text               startup_stm32f103x6.o
    0x08000274   0x08000274   0x0000002c   Code   RO          707    .text               c_w.l(sprintf.o)
    0x080002a0   0x080002a0   0x0000003e   Code   RO          709    .text               c_w.l(strlen.o)
    0x080002de   0x080002de   0x0000004e   Code   RO          711    .text               c_w.l(rt_memclr_w.o)
    0x0800032c   0x0800032c   0x00000006   Code   RO          713    .text               c_w.l(heapauxi.o)
    0x08000332   0x08000332   0x0000004e   Code   RO          736    .text               c_w.l(_printf_pad.o)
    0x08000380   0x08000380   0x00000024   Code   RO          738    .text               c_w.l(_printf_truncate.o)
    0x080003a4   0x080003a4   0x00000052   Code   RO          740    .text               c_w.l(_printf_str.o)
    0x080003f6   0x080003f6   0x00000002   PAD
    0x080003f8   0x080003f8   0x00000078   Code   RO          742    .text               c_w.l(_printf_dec.o)
    0x08000470   0x08000470   0x00000028   Code   RO          744    .text               c_w.l(_printf_charcount.o)
    0x08000498   0x08000498   0x00000030   Code   RO          746    .text               c_w.l(_printf_char_common.o)
    0x080004c8   0x080004c8   0x0000000a   Code   RO          748    .text               c_w.l(_sputc.o)
    0x080004d2   0x080004d2   0x00000002   PAD
    0x080004d4   0x080004d4   0x000000bc   Code   RO          750    .text               c_w.l(_printf_wctomb.o)
    0x08000590   0x08000590   0x0000007c   Code   RO          753    .text               c_w.l(_printf_longlong_dec.o)
    0x0800060c   0x0800060c   0x00000070   Code   RO          759    .text               c_w.l(_printf_oct_int_ll.o)
    0x0800067c   0x0800067c   0x00000094   Code   RO          779    .text               c_w.l(_printf_hex_int_ll_ptr.o)
    0x08000710   0x08000710   0x00000188   Code   RO          799    .text               c_w.l(__printf_flags_ss_wp.o)
    0x08000898   0x08000898   0x0000008a   Code   RO          861    .text               c_w.l(lludiv10.o)
    0x08000922   0x08000922   0x000000b2   Code   RO          863    .text               c_w.l(_printf_intcommon.o)
    0x080009d4   0x080009d4   0x0000041c   Code   RO          865    .text               c_w.l(_printf_fp_dec.o)
    0x08000df0   0x08000df0   0x000002fc   Code   RO          869    .text               c_w.l(_printf_fp_hex.o)
    0x080010ec   0x080010ec   0x0000002c   Code   RO          874    .text               c_w.l(_printf_char.o)
    0x08001118   0x08001118   0x0000002c   Code   RO          876    .text               c_w.l(_printf_wchar.o)
    0x08001144   0x08001144   0x00000048   Code   RO          879    .text               c_w.l(_c16rtomb.o)
    0x0800118c   0x0800118c   0x0000004a   Code   RO          883    .text               c_w.l(sys_stackheap_outer.o)
    0x080011d6   0x080011d6   0x00000002   PAD
    0x080011d8   0x080011d8   0x00000010   Code   RO          885    .text               c_w.l(rt_ctype_table.o)
    0x080011e8   0x080011e8   0x00000008   Code   RO          890    .text               c_w.l(rt_locale_intlibspace.o)
    0x080011f0   0x080011f0   0x00000080   Code   RO          892    .text               c_w.l(_printf_fp_infnan.o)
    0x08001270   0x08001270   0x000000e4   Code   RO          894    .text               c_w.l(bigflt0.o)
    0x08001354   0x08001354   0x00000012   Code   RO          924    .text               c_w.l(exit.o)
    0x08001366   0x08001366   0x00000002   PAD
    0x08001368   0x08001368   0x00000008   Code   RO          936    .text               c_w.l(libspace.o)
    0x08001370   0x08001370   0x00000080   Code   RO          946    .text               c_w.l(strcmpv7m.o)
    0x080013f0   0x080013f0   0x0000000c   Code   RO         1008    .text               c_w.l(sys_exit.o)
    0x080013fc   0x080013fc   0x00000002   Code   RO         1023    .text               c_w.l(use_no_semi.o)
    0x080013fe   0x080013fe   0x00000000   Code   RO         1025    .text               c_w.l(indicate_semi.o)
    0x080013fe   0x080013fe   0x00000002   PAD
    0x08001400   0x08001400   0x00000082   Code   RO           93    .text.ADC_ConversionStop_Disable  stm32f1xx_hal_adc.o
    0x08001482   0x08001482   0x00000002   PAD
    0x08001484   0x08001484   0x000000bc   Code   RO          101    .text.ADC_Enable    stm32f1xx_hal_adc.o
    0x08001540   0x08001540   0x00000004   Code   RO           40    .text.BusFault_Handler  stm32f1xx_it.o
    0x08001544   0x08001544   0x00000002   Code   RO           46    .text.DebugMon_Handler  stm32f1xx_it.o
    0x08001546   0x08001546   0x00000002   PAD
    0x08001548   0x08001548   0x0000000e   Code   RO           21    .text.Error_Handler  main.o
    0x08001556   0x08001556   0x00000002   PAD
    0x08001558   0x08001558   0x000001b4   Code   RO          135    .text.HAL_ADC_ConfigChannel  stm32f1xx_hal_adc.o
    0x0800170c   0x0800170c   0x0000000e   Code   RO          123    .text.HAL_ADC_GetValue  stm32f1xx_hal_adc.o
    0x0800171a   0x0800171a   0x00000002   PAD
    0x0800171c   0x0800171c   0x00000212   Code   RO           89    .text.HAL_ADC_Init  stm32f1xx_hal_adc.o
    0x0800192e   0x0800192e   0x00000002   PAD
    0x08001930   0x08001930   0x0000007a   Code   RO           61    .text.HAL_ADC_MspInit  stm32f1xx_hal_msp.o
    0x080019aa   0x080019aa   0x00000002   PAD
    0x080019ac   0x080019ac   0x00000284   Code   RO          105    .text.HAL_ADC_PollForConversion  stm32f1xx_hal_adc.o
    0x08001c30   0x08001c30   0x000001b6   Code   RO           99    .text.HAL_ADC_Start  stm32f1xx_hal_adc.o
    0x08001de6   0x08001de6   0x00000002   PAD
    0x08001de8   0x08001de8   0x00000042   Code   RO          203    .text.HAL_Delay     stm32f1xx_hal.o
    0x08001e2a   0x08001e2a   0x00000002   PAD
    0x08001e2c   0x08001e2c   0x00000302   Code   RO          297    .text.HAL_GPIO_Init  stm32f1xx_hal_gpio.o
    0x0800212e   0x0800212e   0x00000002   PAD
    0x08002130   0x08002130   0x0000000c   Code   RO          195    .text.HAL_GetTick   stm32f1xx_hal.o
    0x0800213c   0x0800213c   0x0000001a   Code   RO          193    .text.HAL_IncTick   stm32f1xx_hal.o
    0x08002156   0x08002156   0x00000002   PAD
    0x08002158   0x08002158   0x00000026   Code   RO          183    .text.HAL_Init      stm32f1xx_hal.o
    0x0800217e   0x0800217e   0x00000002   PAD
    0x08002180   0x08002180   0x00000070   Code   RO          185    .text.HAL_InitTick  stm32f1xx_hal.o
    0x080021f0   0x080021f0   0x00000042   Code   RO           59    .text.HAL_MspInit   stm32f1xx_hal_msp.o
    0x08002232   0x08002232   0x00000002   PAD
    0x08002234   0x08002234   0x00000032   Code   RO          357    .text.HAL_NVIC_SetPriority  stm32f1xx_hal_cortex.o
    0x08002266   0x08002266   0x00000002   PAD
    0x08002268   0x08002268   0x00000010   Code   RO          353    .text.HAL_NVIC_SetPriorityGrouping  stm32f1xx_hal_cortex.o
    0x08002278   0x08002278   0x000001c0   Code   RO          286    .text.HAL_RCCEx_GetPeriphCLKFreq  stm32f1xx_hal_rcc_ex.o
    0x08002438   0x08002438   0x000001c8   Code   RO          282    .text.HAL_RCCEx_PeriphCLKConfig  stm32f1xx_hal_rcc_ex.o
    0x08002600   0x08002600   0x00000256   Code   RO          249    .text.HAL_RCC_ClockConfig  stm32f1xx_hal_rcc.o
    0x08002856   0x08002856   0x00000002   PAD
    0x08002858   0x08002858   0x0000000c   Code   RO          259    .text.HAL_RCC_GetHCLKFreq  stm32f1xx_hal_rcc.o
    0x08002864   0x08002864   0x00000022   Code   RO          261    .text.HAL_RCC_GetPCLK1Freq  stm32f1xx_hal_rcc.o
    0x08002886   0x08002886   0x00000002   PAD
    0x08002888   0x08002888   0x00000022   Code   RO          263    .text.HAL_RCC_GetPCLK2Freq  stm32f1xx_hal_rcc.o
    0x080028aa   0x080028aa   0x00000002   PAD
    0x080028ac   0x080028ac   0x000000e4   Code   RO          251    .text.HAL_RCC_GetSysClockFreq  stm32f1xx_hal_rcc.o
    0x08002990   0x08002990   0x0000067a   Code   RO          245    .text.HAL_RCC_OscConfig  stm32f1xx_hal_rcc.o
    0x0800300a   0x0800300a   0x00000002   PAD
    0x0800300c   0x0800300c   0x00000010   Code   RO          377    .text.HAL_SYSTICK_Config  stm32f1xx_hal_cortex.o
    0x0800301c   0x0800301c   0x0000009a   Code   RO          563    .text.HAL_UART_Init  stm32f1xx_hal_uart.o
    0x080030b6   0x080030b6   0x00000002   PAD
    0x080030b8   0x080030b8   0x00000098   Code   RO           65    .text.HAL_UART_MspInit  stm32f1xx_hal_msp.o
    0x08003150   0x08003150   0x0000014e   Code   RO          579    .text.HAL_UART_Transmit  stm32f1xx_hal_uart.o
    0x0800329e   0x0800329e   0x00000002   PAD
    0x080032a0   0x080032a0   0x00000004   Code   RO           36    .text.HardFault_Handler  stm32f1xx_it.o
    0x080032a4   0x080032a4   0x00000066   Code   RO           17    .text.MX_ADC1_Init  main.o
    0x0800330a   0x0800330a   0x00000002   PAD
    0x0800330c   0x0800330c   0x0000004a   Code   RO           15    .text.MX_GPIO_Init  main.o
    0x08003356   0x08003356   0x00000002   PAD
    0x08003358   0x08003358   0x00000040   Code   RO           19    .text.MX_USART1_UART_Init  main.o
    0x08003398   0x08003398   0x00000004   Code   RO           38    .text.MemManage_Handler  stm32f1xx_it.o
    0x0800339c   0x0800339c   0x00000004   Code   RO           34    .text.NMI_Handler   stm32f1xx_it.o
    0x080033a0   0x080033a0   0x0000006c   Code   RO          363    .text.NVIC_EncodePriority  stm32f1xx_hal_cortex.o
    0x0800340c   0x0800340c   0x00000002   Code   RO           48    .text.PendSV_Handler  stm32f1xx_it.o
    0x0800340e   0x0800340e   0x00000002   PAD
    0x08003410   0x08003410   0x0000003a   Code   RO          247    .text.RCC_Delay     stm32f1xx_hal_rcc.o
    0x0800344a   0x0800344a   0x00000002   PAD
    0x0800344c   0x0800344c   0x00000002   Code   RO           44    .text.SVC_Handler   stm32f1xx_it.o
    0x0800344e   0x0800344e   0x00000002   PAD
    0x08003450   0x08003450   0x00000052   Code   RO          379    .text.SysTick_Config  stm32f1xx_hal_cortex.o
    0x080034a2   0x080034a2   0x00000002   PAD
    0x080034a4   0x080034a4   0x00000008   Code   RO           50    .text.SysTick_Handler  stm32f1xx_it.o
    0x080034ac   0x080034ac   0x0000007c   Code   RO           13    .text.SystemClock_Config  main.o
    0x08003528   0x08003528   0x00000002   Code   RO          692    .text.SystemInit    system_stm32f1xx.o
    0x0800352a   0x0800352a   0x00000002   PAD
    0x0800352c   0x0800352c   0x000000ba   Code   RO          567    .text.UART_SetConfig  stm32f1xx_hal_uart.o
    0x080035e6   0x080035e6   0x00000002   PAD
    0x080035e8   0x080035e8   0x0000009c   Code   RO          581    .text.UART_WaitOnFlagUntilTimeout  stm32f1xx_hal_uart.o
    0x08003684   0x08003684   0x00000004   Code   RO           42    .text.UsageFault_Handler  stm32f1xx_it.o
    0x08003688   0x08003688   0x00000010   Code   RO          359    .text.__NVIC_GetPriorityGrouping  stm32f1xx_hal_cortex.o
    0x08003698   0x08003698   0x00000042   Code   RO          361    .text.__NVIC_SetPriority  stm32f1xx_hal_cortex.o
    0x080036da   0x080036da   0x00000002   PAD
    0x080036dc   0x080036dc   0x0000003c   Code   RO          355    .text.__NVIC_SetPriorityGrouping  stm32f1xx_hal_cortex.o
    0x08003718   0x08003718   0x000000ea   Code   RO           11    .text.main          main.o
    0x08003802   0x08003802   0x0000003e   Code   RO          897    CL$$btod_d2e        c_w.l(btod.o)
    0x08003840   0x08003840   0x00000046   Code   RO          899    CL$$btod_d2e_denorm_low  c_w.l(btod.o)
    0x08003886   0x08003886   0x00000060   Code   RO          898    CL$$btod_d2e_norm_op1  c_w.l(btod.o)
    0x080038e6   0x080038e6   0x00000002   PAD
    0x080038e8   0x080038e8   0x00000338   Code   RO          907    CL$$btod_div_common  c_w.l(btod.o)
    0x08003c20   0x08003c20   0x000000dc   Code   RO          904    CL$$btod_e2e        c_w.l(btod.o)
    0x08003cfc   0x08003cfc   0x0000002a   Code   RO          901    CL$$btod_ediv       c_w.l(btod.o)
    0x08003d26   0x08003d26   0x0000002a   Code   RO          900    CL$$btod_emul       c_w.l(btod.o)
    0x08003d50   0x08003d50   0x00000244   Code   RO          906    CL$$btod_mult_common  c_w.l(btod.o)
    0x08003f94   0x08003f94   0x00000028   Code   RO          934    i.__ARM_fpclassify  m_ws.l(fpclassify.o)
    0x08003fbc   0x08003fbc   0x0000000e   Code   RO          792    i._is_digit         c_w.l(__printf_wp.o)
    0x08003fca   0x08003fca   0x00000002   PAD
    0x08003fcc   0x08003fcc   0x0000002c   Code   RO          922    locale$$code        c_w.l(lc_numeric_c.o)
    0x08003ff8   0x08003ff8   0x0000002c   Code   RO          944    locale$$code        c_w.l(lc_ctype_c.o)
    0x08004024   0x08004024   0x0000000c   Code   RO          825    x$fpl$dretinf       fz_ws.l(dretinf.o)
    0x08004030   0x08004030   0x00000056   Code   RO          717    x$fpl$f2d           fz_ws.l(f2d.o)
    0x08004086   0x08004086   0x00000054   Code   RO          719    x$fpl$fcmp          fz_ws.l(fcmp.o)
    0x080040da   0x080040da   0x00000018   Code   RO          881    x$fpl$fcmpinf       fz_ws.l(fcmpi.o)
    0x080040f2   0x080040f2   0x00000002   PAD
    0x080040f4   0x080040f4   0x00000184   Code   RO          722    x$fpl$fdiv          fz_ws.l(fdiv.o)
    0x08004278   0x08004278   0x00000068   Code   RO          827    x$fpl$feqf          fz_ws.l(feqf.o)
    0x080042e0   0x080042e0   0x00000026   Code   RO          725    x$fpl$ffltu         fz_ws.l(fflt_clz.o)
    0x08004306   0x08004306   0x00000002   PAD
    0x08004308   0x08004308   0x00000068   Code   RO          829    x$fpl$fgeqf         fz_ws.l(fgeqf.o)
    0x08004370   0x08004370   0x00000068   Code   RO          831    x$fpl$fleqf         fz_ws.l(fleqf.o)
    0x080043d8   0x080043d8   0x00000102   Code   RO          731    x$fpl$fmul          fz_ws.l(fmul.o)
    0x080044da   0x080044da   0x0000008c   Code   RO          833    x$fpl$fnaninf       fz_ws.l(fnaninf.o)
    0x08004566   0x08004566   0x0000000a   Code   RO          835    x$fpl$fretinf       fz_ws.l(fretinf.o)
    0x08004570   0x08004570   0x00000004   Code   RO          837    x$fpl$printf1       fz_ws.l(printf1.o)
    0x08004574   0x08004574   0x00000004   Code   RO          839    x$fpl$printf2       fz_ws.l(printf2.o)
    0x08004578   0x08004578   0x00000000   Code   RO          845    x$fpl$usenofp       fz_ws.l(usenofp.o)
    0x08004578   0x08004578   0x00000008   Data   RO          751    .constdata          c_w.l(_printf_wctomb.o)
    0x08004580   0x08004580   0x00000028   Data   RO          780    .constdata          c_w.l(_printf_hex_int_ll_ptr.o)
    0x080045a8   0x080045a8   0x00000011   Data   RO          800    .constdata          c_w.l(__printf_flags_ss_wp.o)
    0x080045b9   0x080045b9   0x00000026   Data   RO          870    .constdata          c_w.l(_printf_fp_hex.o)
    0x080045df   0x080045df   0x00000001   PAD
    0x080045e0   0x080045e0   0x00000094   Data   RO          895    .constdata          c_w.l(bigflt0.o)
    0x08004674   0x08004674   0x00000010   Data   RO          697    .rodata.AHBPrescTable  system_stm32f1xx.o
    0x08004684   0x08004684   0x00000008   Data   RO          698    .rodata.APBPrescTable  system_stm32f1xx.o
    0x0800468c   0x0800468c   0x0000001d   Data   RO           24    .rodata.str1.1      main.o
    0x080046a9   0x080046a9   0x00000003   PAD
    0x080046ac   0x080046ac   0x00000020   Data   RO         1081    Region$$Table       anon$$obj.o
    0x080046cc   0x080046cc   0x0000001c   Data   RO          921    locale$$data        c_w.l(lc_numeric_c.o)
    0x080046e8   0x080046e8   0x00000110   Data   RO          943    locale$$data        c_w.l(lc_ctype_c.o)


    Execution Region RW_IRAM1 (Exec base: 0x20000000, Load base: 0x080047f8, Size: 0x000006e8, Max: 0x00002800, ABSOLUTE)

    Exec Addr    Load Addr    Size         Type   Attr      Idx    E Section Name        Object

    0x20000000   0x080047f8   0x00000004   Data   RW          696    .data.SystemCoreClock  system_stm32f1xx.o
    0x20000004   0x080047fc   0x00000001   Data   RW          234    .data.uwTickFreq    stm32f1xx_hal.o
    0x20000005   0x080047fd   0x00000003   PAD
    0x20000008   0x08004800   0x00000004   Data   RW          233    .data.uwTickPrio    stm32f1xx_hal.o
    0x2000000c   0x08004804   0x00000004   PAD
    0x20000010        -       0x00000060   Zero   RW          937    .bss                c_w.l(libspace.o)
    0x20000070        -       0x00000030   Zero   RW           23    .bss.hadc1          main.o
    0x200000a0        -       0x00000044   Zero   RW           25    .bss.huart1         main.o
    0x200000e4        -       0x00000004   Zero   RW          235    .bss.uwTick         stm32f1xx_hal.o
    0x200000e8        -       0x00000200   Zero   RW            2    HEAP                startup_stm32f103x6.o
    0x200002e8        -       0x00000400   Zero   RW            1    STACK               startup_stm32f103x6.o


==============================================================================

Image component sizes


      Code (inc. data)   RO Data    RW Data    ZI Data      Debug   Object Name

       612          0         29          0        116       6504   main.o
        64         26        236          0       1536        808   startup_stm32f103x6.o
       254          0          0          5          4       5475   stm32f1xx_hal.o
      2380          0          0          0          0       9294   stm32f1xx_hal_adc.o
       414          0          0          0          0       7426   stm32f1xx_hal_cortex.o
       770          0          0          0          0       4198   stm32f1xx_hal_gpio.o
       340          0          0          0          0       5115   stm32f1xx_hal_msp.o
      2622          0          0          0          0       7398   stm32f1xx_hal_rcc.o
       904          0          0          0          0       3106   stm32f1xx_hal_rcc_ex.o
       830          0          0          0          0      17734   stm32f1xx_hal_uart.o
        34          0          0          0          0       1029   stm32f1xx_it.o
         2          0         24          4          0       1573   system_stm32f1xx.o

    ----------------------------------------------------------------------
      9282         26        324         12       1660      69660   Object Totals
         0          0         32          0          0          0   (incl. Generated)
        56          0          3          3          4          0   (incl. Padding)

    ----------------------------------------------------------------------

      Code (inc. data)   RO Data    RW Data    ZI Data      Debug   Library Member Name

         8          0          0          0          0         68   __main.o
       392          4         17          0          0         92   __printf_flags_ss_wp.o
        14          0          0          0          0         68   __printf_wp.o
         0          0          0          0          0          0   __rtentry.o
        12          0          0          0          0          0   __rtentry2.o
         6          0          0          0          0          0   __rtentry4.o
        52          8          0          0          0          0   __scatter.o
        26          0          0          0          0          0   __scatter_copy.o
        28          0          0          0          0          0   __scatter_zi.o
        72          0          0          0          0         96   _c16rtomb.o
         6          0          0          0          0          0   _printf_a.o
         6          0          0          0          0          0   _printf_c.o
        44          0          0          0          0        108   _printf_char.o
        48          6          0          0          0         96   _printf_char_common.o
        40          0          0          0          0         68   _printf_charcount.o
         6          0          0          0          0          0   _printf_d.o
       120         16          0          0          0         92   _printf_dec.o
         6          0          0          0          0          0   _printf_e.o
         6          0          0          0          0          0   _printf_f.o
      1052          0          0          0          0        148   _printf_fp_dec.o
       764          8         38          0          0        100   _printf_fp_hex.o
       128         16          0          0          0         84   _printf_fp_infnan.o
         6          0          0          0          0          0   _printf_g.o
       148          4         40          0          0        160   _printf_hex_int_ll_ptr.o
         6          0          0          0          0          0   _printf_i.o
       178          0          0          0          0         88   _printf_intcommon.o
        10          0          0          0          0          0   _printf_l.o
         6          0          0          0          0          0   _printf_lc.o
        10          0          0          0          0          0   _printf_ll.o
         6          0          0          0          0          0   _printf_lld.o
         6          0          0          0          0          0   _printf_lli.o
         6          0          0          0          0          0   _printf_llo.o
         6          0          0          0          0          0   _printf_llu.o
         6          0          0          0          0          0   _printf_llx.o
       124         16          0          0          0         92   _printf_longlong_dec.o
         6          0          0          0          0          0   _printf_ls.o
         6          0          0          0          0          0   _printf_n.o
         6          0          0          0          0          0   _printf_o.o
       112          8          0          0          0        124   _printf_oct_int_ll.o
         6          0          0          0          0          0   _printf_p.o
        78          0          0          0          0        108   _printf_pad.o
         0          0          0          0          0          0   _printf_percent.o
         4          0          0          0          0          0   _printf_percent_end.o
         6          0          0          0          0          0   _printf_s.o
        82          0          0          0          0         80   _printf_str.o
        36          0          0          0          0         84   _printf_truncate.o
         6          0          0          0          0          0   _printf_u.o
        44          0          0          0          0        108   _printf_wchar.o
       188          6          8          0          0         92   _printf_wctomb.o
         6          0          0          0          0          0   _printf_x.o
        10          0          0          0          0         68   _sputc.o
       228          4        148          0          0         96   bigflt0.o
      1936        128          0          0          0        668   btod.o
        18          0          0          0          0         80   exit.o
         6          0          0          0          0        152   heapauxi.o
         0          0          0          0          0          0   indicate_semi.o
        44         10        272          0          0         76   lc_ctype_c.o
        44         10         28          0          0         76   lc_numeric_c.o
         2          0          0          0          0          0   libinit.o
        30          0          0          0          0          0   libinit2.o
         2          0          0          0          0          0   libshutdown.o
         2          0          0          0          0          0   libshutdown2.o
         8          4          0          0         96         68   libspace.o
       138          0          0          0          0         80   lludiv10.o
        16          4          0          0          0         76   rt_ctype_table.o
         8          4          0          0          0         68   rt_locale_intlibspace.o
        78          0          0          0          0         80   rt_memclr_w.o
         2          0          0          0          0          0   rtexit.o
        10          0          0          0          0          0   rtexit2.o
        44          6          0          0          0         84   sprintf.o
       128          0          0          0          0         68   strcmpv7m.o
        62          0          0          0          0         76   strlen.o
        12          4          0          0          0         68   sys_exit.o
        74          0          0          0          0         80   sys_stackheap_outer.o
         2          0          0          0          0         68   use_no_semi.o
        12          0          0          0          0         68   dretinf.o
        86          4          0          0          0         84   f2d.o
        84          0          0          0          0        196   fcmp.o
        24          0          0          0          0         68   fcmpi.o
       388         76          0          0          0         96   fdiv.o
       104          4          0          0          0         84   feqf.o
        38          0          0          0          0         68   fflt_clz.o
       104          4          0          0          0         84   fgeqf.o
       104          4          0          0          0         84   fleqf.o
       258          4          0          0          0         84   fmul.o
       140          4          0          0          0         84   fnaninf.o
        10          0          0          0          0         68   fretinf.o
         4          0          0          0          0         68   printf1.o
         4          0          0          0          0         68   printf2.o
         0          0          0          0          0          0   usenofp.o
        40          0          0          0          0         68   fpclassify.o

    ----------------------------------------------------------------------
      8266        366        552          0         96       5260   Library Totals
        22          0          1          0          0          0   (incl. Padding)

    ----------------------------------------------------------------------

      Code (inc. data)   RO Data    RW Data    ZI Data      Debug   Library Name

      6844        266        551          0         96       3988   c_w.l
      1360        100          0          0          0       1204   fz_ws.l
        40          0          0          0          0         68   m_ws.l

    ----------------------------------------------------------------------
      8266        366        552          0         96       5260   Library Totals

    ----------------------------------------------------------------------

==============================================================================


      Code (inc. data)   RO Data    RW Data    ZI Data      Debug   

     17548        392        876         12       1756      71856   Grand Totals
     17548        392        876         12       1756      71856   ELF Image Totals
     17548        392        876         12          0          0   ROM Totals

==============================================================================

    Total RO  Size (Code + RO Data)                18424 (  17.99kB)
    Total RW  Size (RW Data + ZI Data)              1768 (   1.73kB)
    Total ROM Size (Code + RO Data + RW Data)      18436 (  18.00kB)

==============================================================================

